<6>[    0.000000] Booting Linux on physical CPU 0x500
<6>[    0.000000] Initializing cgroup subsys cpu
<6>[    0.000000] Initializing cgroup subsys cpuacct
<5>[    0.000000] Linux version 3.10.0 (w@w) (gcc version 4.6.x-google 20120106 (prerelease) (GCC) ) #88 SMP PREEMPT Wed Jun 29 20:42:15 CST 2016
<4>[    0.000000] CPU: ARMv7 Processor [410fc0d1] revision 1 (ARMv7), cr=10c5387d
<4>[    0.000000] CPU: PIPT / VIPT nonaliasing data cache, VIPT aliasing instruction cache
<6>[    0.000000] Machine: Rockchip RK3288 (Flattened Device Tree), model: rockchip,rk3288
<6>[    0.000000] rockchip_uboot_logo_setup: mem: 0x02000000@0xfbc00000, offset:0x00000000
<6>[    0.000000] hdmi init vic is 16
<6>[    0.000000] rockchip_uboot_mem_reserve: reserve 0x02000000@0xfbc00000 for uboot logo
<4>[    0.000000] rockchip_ion_reserve
<6>[    0.000000] ion heap(drm): base(0) size(0) align(0)
<6>[    0.000000] ion heap(cma): base(0) size(1000000) align(0)
<6>[    0.000000] ion heap(vmalloc): base(0) size(0) align(0)
<6>[    0.000000] cma: CMA: reserved 16 MiB at fac00000
<6>[    0.000000] ion_reserve: cma reserved base fac00000 size 16777216
<6>[    0.000000] cma: CMA: reserved 16 MiB at 1f000000
<4>[    0.000000] Memory policy: ECC disabled, Data cache writealloc
<7>[    0.000000] On node 0 totalpages: 1040384
<7>[    0.000000] free_area_init_node: node 0, pgdat c0cbf740, node_mem_map c0de9000
<7>[    0.000000]   Normal zone: 1024 pages used for memmap
<7>[    0.000000]   Normal zone: 0 pages reserved
<7>[    0.000000]   Normal zone: 131072 pages, LIFO batch:31
<7>[    0.000000]   HighMem zone: 7104 pages used for memmap
<7>[    0.000000]   HighMem zone: 909312 pages, LIFO batch:31
<6>[    0.000000] PERCPU: Embedded 9 pages/cpu @c2e08000 s13376 r8192 d15296 u36864
<7>[    0.000000] pcpu-alloc: s13376 r8192 d15296 u36864 alloc=9*4096
<7>[    0.000000] pcpu-alloc: [0] 0 [0] 1 [0] 2 [0] 3 
<4>[    0.000000] Built 1 zonelists in Zone order, mobility grouping on.  Total pages: 1039360
<5>[    0.000000] Kernel command line: vmalloc=496M console=ttyFIQ0 androidboot.selinux=permissive androidboot.hardware=rk30board androidboot.console=ttyFIQ0 init=/init  mtdparts=rk29xxnand:0x00002000@0x00002000(uboot),0x00002000@0x00004000(misc),0x00008000@0x00006000(resource),0x00008000@0x0000e000(kernel),0x00010000@0x00016000(boot),0x00010000@0x00026000(recovery),0x0001a000@0x00036000(backup),0x00040000@0x00050000(cache),0x00002000@0x00090000(kpanic),0x00300000@0x00092000(system),0x00008000@0x00392000(metadata),0x00002000@0x0039A000(baseparamer),0x00200000@0x0039C000(userdata),0x00020000@0x0059C000(radical_update),-@0x005BC000(user) storagemedia=emmc uboot_logo=0x02000000@0xfbc00000 loader.timestamp=2015-07-20_10:28:11 hdmi.vic=16
<6>[    0.000000] PID hash table entries: 2048 (order: 1, 8192 bytes)
<6>[    0.000000] Dentry cache hash table entries: 65536 (order: 6, 262144 bytes)
<6>[    0.000000] Inode-cache hash table entries: 32768 (order: 5, 131072 bytes)
<6>[    0.000000] allocated 8323072 bytes of page_cgroup
<6>[    0.000000] please try 'cgroup_disable=memory' option if you don't want memory cgroups
<6>[    0.000000] Memory: 4064MB = 4064MB total
<5>[    0.000000] Memory: 4038788k/4038788k available, 122748k reserved, 3588096K highmem
<5>[    0.000000] Virtual kernel memory layout:
<5>[    0.000000]     vector  : 0xffff0000 - 0xffff1000   (   4 kB)
<5>[    0.000000]     fixmap  : 0xfff00000 - 0xfffe0000   ( 896 kB)
<5>[    0.000000]     vmalloc : 0xe0800000 - 0xff000000   ( 488 MB)
<5>[    0.000000]     lowmem  : 0xc0000000 - 0xe0000000   ( 512 MB)
<5>[    0.000000]     pkmap   : 0xbfe00000 - 0xc0000000   (   2 MB)
<5>[    0.000000]     modules : 0xbf000000 - 0xbfe00000   (  14 MB)
<5>[    0.000000]       .text : 0xc0008000 - 0xc0ba54d8   (11894 kB)
<5>[    0.000000]       .init : 0xc0ba6000 - 0xc0bfe440   ( 354 kB)
<5>[    0.000000]       .data : 0xc0c00000 - 0xc0cc6d80   ( 796 kB)
<5>[    0.000000]        .bss : 0xc0cc6d80 - 0xc0de8a84   (1160 kB)
<6>[    0.000000] SLUB: HWalign=64, Order=0-3, MinObjects=0, CPUs=4, Nodes=1
<6>[    0.000000] Preemptible hierarchical RCU implementation.
<6>[    0.000000] 	RCU dyntick-idle grace-period acceleration is enabled.
<6>[    0.000000] NR_IRQS:16 nr_irqs:16 16
<4>[    0.000000] rk_clk_tree_init start!
<3>[    0.000000] rkclk: _rkclk_add_provider: fail to get ehci1phy_12m_div
<3>[    0.000000] rkclk: rkclk_cache_parents: ehci1phy_12m_div clk_get error
<4>[    0.000000] rk_get_uboot_display_flag: uboot_logo_on = 1
<4>[    0.000000] rkclk_init_clks: cnt_parent = 7
<4>[    0.000000] rkclk_init_clks: cnt_rate = 28
<4>[    0.000000] rk3288 set GPLL BW 20 for HDMI!
<6>[    0.000000] Architected cp15 timer(s) running at 24.00MHz (phys).
<6>[    0.000000] Switching to timer-based delay loop
<6>[    0.000000] sched_clock: ARM arch timer >56 bits at 24000kHz, resolution 41ns
<6>[    0.000000] process version: 3
<6>[    0.000000] channel:0, lkg:17
<6>[    0.000000] target-temp:80
<6>[    0.000000] channel:2, lkg:0
<6>[    0.000000] channel:0, lkg:17
<6>[    0.000000] channel:1, lkg:14
<6>[    0.000000] sched_clock: 32 bits at 100 Hz, resolution 10000000ns, wraps every 4294967286ms
<6>[    1.011918] Calibrating delay loop (skipped), value calculated using timer frequency.. 48.00 BogoMIPS (lpj=240000)
<6>[    1.011934] pid_max: default: 32768 minimum: 301
<6>[    1.012047] Security Framework initialized
<6>[    1.012064] SELinux:  Initializing.
<7>[    1.012099] SELinux:  Starting in permissive mode
<6>[    1.012136] Mount-cache hash table entries: 512
<6>[    1.012775] Initializing cgroup subsys debug
<6>[    1.012790] Initializing cgroup subsys memory
<6>[    1.012817] Initializing cgroup subsys freezer
<6>[    1.012847] CPU: Testing write buffer coherency: ok
<3>[    1.013164] /cpus/cpu@0 missing clock-frequency property
<3>[    1.013177] /cpus/cpu@1 missing clock-frequency property
<3>[    1.013187] /cpus/cpu@2 missing clock-frequency property
<3>[    1.013196] /cpus/cpu@3 missing clock-frequency property
<6>[    1.013250] CPU0: thread -1, cpu 0, socket 5, mpidr 80000500
<6>[    1.013300] Setting up static identity map for 0xc0856370 - 0xc08563c8
<6>[    1.015617] last_log: 0x1e900000 map to 0xe0804000 and copy to 0xe0886000, size 0x80000 early 0x180e (version 3.1)
<4>[    1.090070] CPU1: Booted secondary processor
<6>[    1.090103] CPU1: thread -1, cpu 1, socket 5, mpidr 80000501
<4>[    1.109748] CPU2: Booted secondary processor
<6>[    1.109772] CPU2: thread -1, cpu 2, socket 5, mpidr 80000502
<4>[    1.129460] CPU3: Booted secondary processor
<6>[    1.129484] CPU3: thread -1, cpu 3, socket 5, mpidr 80000503
<6>[    1.129585] Brought up 4 CPUs
<6>[    1.129614] SMP: Total of 4 processors activated (192.00 BogoMIPS).
<6>[    1.129622] CPU: All CPU(s) started in SVC mode.
<6>[    1.130359] devtmpfs: initialized
<6>[    1.134454] VFP support v0.3: implementor 41 architecture 3 part 30 variant d rev 0
<6>[    1.135546] pinctrl core: initialized pinctrl subsystem
<6>[    1.135799] regulator-dummy: no parameters
<6>[    1.149543] NET: Registered protocol family 16
<6>[    1.151251] DMA: preallocated 256 KiB pool for atomic coherent allocations
<6>[    1.151529] ion_snapshot: 0x1e9b8000 map to 0xe0907000 and copy to 0xc0dc3e0c (version 0.1)
<6>[    1.151770] Registered FIQ tty driver
<6>[    1.153059] console [ttyFIQ0] enabled
<6>[    1.153283] Registered fiq debugger ttyFIQ0
<4>[    1.153863] rockchip_get_bank_data:name=base start=0xff750000,end=0xff7500ff
<4>[    1.153887] rockchip_get_bank_data:name=mux_bank0 start=0xff730084,end=0xff73008f
<4>[    1.153907] rockchip_get_bank_data:name=pull_bank0 start=0xff730064,end=0xff73006f
<4>[    1.153926] rockchip_get_bank_data:name=drv_bank0 start=0xff730070,end=0xff73007b
<4>[    1.154022] rockchip_get_bank_data:name=/pinctrl@ff770000/gpio1@ff780000 start=0xff780000,end=0xff7800ff
<4>[    1.154090] rockchip_get_bank_data:name=/pinctrl@ff770000/gpio2@ff790000 start=0xff790000,end=0xff7900ff
<4>[    1.154154] rockchip_get_bank_data:name=/pinctrl@ff770000/gpio3@ff7a0000 start=0xff7a0000,end=0xff7a00ff
<4>[    1.154218] rockchip_get_bank_data:name=/pinctrl@ff770000/gpio4@ff7b0000 start=0xff7b0000,end=0xff7b00ff
<4>[    1.154283] rockchip_get_bank_data:name=/pinctrl@ff770000/gpio5@ff7c0000 start=0xff7c0000,end=0xff7c00ff
<4>[    1.154347] rockchip_get_bank_data:name=/pinctrl@ff770000/gpio6@ff7d0000 start=0xff7d0000,end=0xff7d00ff
<4>[    1.154411] rockchip_get_bank_data:name=/pinctrl@ff770000/gpio7@ff7e0000 start=0xff7e0000,end=0xff7e00ff
<4>[    1.154475] rockchip_get_bank_data:name=/pinctrl@ff770000/gpio8@ff7f0000 start=0xff7f0000,end=0xff7f00ff
<4>[    1.154548] rockchip_get_bank_data:name=/pinctrl@ff770000/gpio15@ff7f2000 start=0xff7f2000,end=0xff7f20ff
<4>[    1.154615] rockchip_pinctrl_probe:name=RK3288-GPIO,type=3
<4>[    1.154631] rockchip_pinctrl_probe:name=base start=0xff770000,end=0xff77013f
<4>[    1.154645] rockchip_pinctrl_probe:name=pull start=0xff770140,end=0xff7701bf
<4>[    1.154664] rockchip_pinctrl_probe:name=drv start=0xff7701c0,end=0xff77023f
<7>[    1.154743] gpiochip_add: registered GPIOs 0 to 31 on device: gpio0
<7>[    1.154799] gpiochip_add: registered GPIOs 32 to 63 on device: gpio1
<7>[    1.154858] gpiochip_add: registered GPIOs 64 to 95 on device: gpio2
<7>[    1.154912] gpiochip_add: registered GPIOs 96 to 127 on device: gpio3
<7>[    1.154966] gpiochip_add: registered GPIOs 128 to 159 on device: gpio4
<7>[    1.155021] gpiochip_add: registered GPIOs 160 to 191 on device: gpio5
<7>[    1.155082] gpiochip_add: registered GPIOs 192 to 223 on device: gpio6
<7>[    1.155138] gpiochip_add: registered GPIOs 224 to 255 on device: gpio7
<7>[    1.155192] gpiochip_add: registered GPIOs 256 to 287 on device: gpio8
<7>[    1.155252] gpiochip_add: registered GPIOs 288 to 319 on device: gpio15
<4>[    1.155279] rockchip_interrupts_register:bank_num=7
<7>[    1.157222] of_get_named_gpio_flags exited with status 257
<4>[    1.157235] of_get_gpio_init_config:gpio[0] = 257, value = 0
<7>[    1.157249] of_get_named_gpio_flags exited with status 233
<4>[    1.157258] of_get_gpio_init_config:gpio[1] = 233, value = 0
<7>[    1.157272] of_get_named_gpio_flags exited with status 136
<4>[    1.157280] of_get_gpio_init_config:gpio[2] = 136, value = 0
<4>[    1.157355] rockchip_pinctrl_probe:init ok
<6>[    1.163544] rk_iommu ff900800.iep_mmu: (iep) Enter
<6>[    1.163630] rk_iommu ff900800.iep_mmu: IOVMM: Created 0x3ffff000 B IOVMM from 0x10000000.
<6>[    1.163647] rk_iommu ff900800.iep_mmu: (iep) Initialized
<6>[    1.163814] rk_iommu ff950800.vip_mmu: (vip) Enter
<6>[    1.163884] rk_iommu ff950800.vip_mmu: IOVMM: Created 0x3ffff000 B IOVMM from 0x10000000.
<6>[    1.163900] rk_iommu ff950800.vip_mmu: (vip) Initialized
<6>[    1.164063] rk_iommu ff930300.vopb_mmu: (vopb) Enter
<6>[    1.164142] rk_iommu ff930300.vopb_mmu: IOVMM: Created 0x3ffff000 B IOVMM from 0x10000000.
<6>[    1.164158] rk_iommu ff930300.vopb_mmu: (vopb) Initialized
<6>[    1.164323] rk_iommu ff940300.vopl_mmu: (vopl) Enter
<6>[    1.164395] rk_iommu ff940300.vopl_mmu: IOVMM: Created 0x3ffff000 B IOVMM from 0x10000000.
<6>[    1.164411] rk_iommu ff940300.vopl_mmu: (vopl) Initialized
<6>[    1.164579] rk_iommu ff9c0440.hevc_mmu: (hevc) Enter
<6>[    1.164658] rk_iommu ff9c0440.hevc_mmu: IOVMM: Created 0x3ffff000 B IOVMM from 0x10000000.
<6>[    1.164674] rk_iommu ff9c0440.hevc_mmu: (hevc) Initialized
<6>[    1.164843] rk_iommu ff9a0800.vpu_mmu: (vpu) Enter
<6>[    1.164912] rk_iommu ff9a0800.vpu_mmu: IOVMM: Created 0x3ffff000 B IOVMM from 0x10000000.
<6>[    1.164928] rk_iommu ff9a0800.vpu_mmu: (vpu) Initialized
<6>[    1.165100] rk_iommu ff914000.isp_mmu: (isp_mmu) Enter
<6>[    1.165181] rk_iommu ff914000.isp_mmu: IOVMM: Created 0x3ffff000 B IOVMM from 0x10000000.
<6>[    1.165196] rk_iommu ff914000.isp_mmu: (isp_mmu) Initialized
<6>[    1.167142] hw-breakpoint: found 5 (+1 reserved) breakpoint and 4 watchpoint registers.
<6>[    1.167158] hw-breakpoint: maximum watchpoint size is 4 bytes.
<3>[    1.167753] rk3368_init_rockchip_pmu_ops: could not find pmu dt node
<4>[    1.167778] DDR DEBUG: version 1.00 20150126 
<4>[    1.167808] DDR DEBUG: Channel a: 
<4>[    1.167817] DDR DEBUG: LPDDR3 Device
<4>[    1.167833] DDR DEBUG: Bus Width=32 Col=10 Bank=8 Row=15 CS=2 Total Capability=2048MB
<4>[    1.167844] DDR DEBUG: Channel b: 
<4>[    1.167853] DDR DEBUG: LPDDR3 Device
<4>[    1.167867] DDR DEBUG: Bus Width=32 Col=10 Bank=8 Row=15 CS=2 Total Capability=2048MB
<4>[    1.167878] DDR DEBUG: addr=0xcd0000
<4>[    1.167889] DDR DEBUG: stride=13, size=256, halfcap=80000000
<4>[    1.167900] DDR DEBUG: socAddr[0]=0xcd0000, socAddr[1]=0xcd0100
<4>[    1.167911] DDR DEBUG: chAddr[0]=0xcd0000, chAddr[1]=0xcd0000
<4>[    1.167924] DDR DEBUG: dtar[0]=0x19a000, dtar[1]=0x19a000
<4>[    1.167981] DDR DEBUG: init success!!! freq=200MHz
<4>[    1.167991] DDR DEBUG: Channel a: 
<4>[    1.168004] DDR DEBUG: DTONE=0x3, DTERR=0x0, DTIERR=0x0, DTPASS=4,4, DGSL=1,1 extra clock, DGPS=180,180
<4>[    1.168020] DDR DEBUG: DTONE=0x3, DTERR=0x0, DTIERR=0x0, DTPASS=4,4, DGSL=1,1 extra clock, DGPS=180,180
<4>[    1.168035] DDR DEBUG: DTONE=0x3, DTERR=0x0, DTIERR=0x0, DTPASS=4,4, DGSL=1,1 extra clock, DGPS=180,180
<4>[    1.168050] DDR DEBUG: DTONE=0x3, DTERR=0x0, DTIERR=0x0, DTPASS=4,4, DGSL=1,1 extra clock, DGPS=180,180
<4>[    1.168065] DDR DEBUG: ZERR=0, ZDONE=0, ZPD=0x0, ZPU=0x0, OPD=0x0, OPU=0x0
<4>[    1.168077] DDR DEBUG: DRV Pull-Up=0x19, DRV Pull-Dwn=0x19
<4>[    1.168087] DDR DEBUG: ODT Pull-Up=0x2, ODT Pull-Dwn=0x2
<4>[    1.168096] DDR DEBUG: Channel b: 
<4>[    1.168109] DDR DEBUG: DTONE=0x3, DTERR=0x0, DTIERR=0x0, DTPASS=4,4, DGSL=1,1 extra clock, DGPS=180,180
<4>[    1.168125] DDR DEBUG: DTONE=0x3, DTERR=0x0, DTIERR=0x0, DTPASS=4,4, DGSL=1,1 extra clock, DGPS=180,180
<4>[    1.168140] DDR DEBUG: DTONE=0x3, DTERR=0x0, DTIERR=0x0, DTPASS=4,4, DGSL=1,1 extra clock, DGPS=180,180
<4>[    1.168156] DDR DEBUG: DTONE=0x3, DTERR=0x0, DTIERR=0x0, DTPASS=4,4, DGSL=1,1 extra clock, DGPS=180,180
<4>[    1.168170] DDR DEBUG: ZERR=0, ZDONE=0, ZPD=0x0, ZPU=0x0, OPD=0x0, OPU=0x0
<4>[    1.168181] DDR DEBUG: DRV Pull-Up=0x19, DRV Pull-Dwn=0x19
<4>[    1.168192] DDR DEBUG: ODT Pull-Up=0x2, ODT Pull-Dwn=0x2
<6>[    1.194723] bio: create slab <bio-0> at 0
<6>[    1.195257] Rockchip hdmi driver version 2.0
<6>[    1.195257] .
<5>[    1.196425] SCSI subsystem initialized
<6>[    1.196581] usbcore: registered new interface driver usbfs
<6>[    1.196628] usbcore: registered new interface driver hub
<6>[    1.196719] usbcore: registered new device driver usb
<7>[    1.196976] of_get_named_gpio_flags exited with status 14
<7>[    1.197009] of_get_named_gpio_flags exited with status 12
<3>[    1.197026] ==yezg charger==: bq25890_set_otg, failed(bq25890_di == null)
<3>[    1.197037] rk_usb_control_probe
<7>[    1.198071] of_get_named_gpio_flags exited with status 15
<7>[    1.198090] of_get_named_gpio_flags exited with status 16
<6>[    1.199626] rockchip_i2c ff650000.i2c: i2c-0: Rockchip I2C adapter
<7>[    1.199742] of_get_named_gpio_flags exited with status 260
<7>[    1.199763] of_get_named_gpio_flags exited with status 261
<6>[    1.200102] rockchip_i2c ff140000.i2c: i2c-1: Rockchip I2C adapter
<7>[    1.200201] of_get_named_gpio_flags exited with status 201
<7>[    1.200219] of_get_named_gpio_flags exited with status 202
<6>[    1.200551] rockchip_i2c ff660000.i2c: i2c-2: Rockchip I2C adapter
<7>[    1.200651] of_get_named_gpio_flags exited with status 81
<7>[    1.200669] of_get_named_gpio_flags exited with status 80
<6>[    1.200996] rockchip_i2c ff150000.i2c: i2c-3: Rockchip I2C adapter
<7>[    1.201109] of_get_named_gpio_flags exited with status 241
<7>[    1.201128] of_get_named_gpio_flags exited with status 242
<3>[    1.201722] i2c i2c-4: 1 i2c clients have been registered at 0x40
<6>[    1.202207] rockchip_i2c ff160000.i2c: i2c-4: Rockchip I2C adapter
<6>[    1.202342] media: Linux media interface: v0.10
<6>[    1.202383] Linux video capture interface: v2.00
<6>[    1.202463] tc358749_hdmiin_probe!
<3>[    1.202478] tc358749_hdmiin 3-000f: tc358749_hdmiin_probe begin 
<7>[    1.202495] of_get_named_gpio_flags exited with status 172
<6>[    1.202567] hdmiin tc358749_hdmiin_probe, io_hdmi_int.gpio(172), gpio_hdmi_5v_value(0) active(1) hdmi_5v_irq(192)
<7>[    1.202585] of_get_named_gpio_flags exited with status 17
<3>[    1.202602] tc358749_hdmiin 3-000f: tc358749_hdmiin->io_power.gpio 17
<7>[    1.202617] of_get_named_gpio_flags exited with status 70
<3>[    1.202632] tc358749_hdmiin 3-000f: tc358749_hdmiin->io_stanby.gpio 70
<7>[    1.202646] of_get_named_gpio_flags exited with status 79
<3>[    1.202661] tc358749_hdmiin 3-000f: tc358749_hdmiin->io_reset.gpio 79
<7>[    1.202674] of_get_named_gpio_flags exited with status 71
<6>[    1.202844] tc358749tc358749_hdmiin_probe OK!
<4>[    1.202884] i2c-core: driver [tc358749_hdmiin] using legacy suspend method
<4>[    1.202896] i2c-core: driver [tc358749_hdmiin] using legacy resume method
<6>[    1.203001] pps_core: LinuxPPS API ver. 1 registered
<6>[    1.203013] pps_core: Software ver. 5.3.6 - Copyright 2005-2007 Rodolfo Giometti <giometti@linux.it>
<6>[    1.203037] PTP clock support registered
<4>[    1.203097] i2c-core: driver [bq24296] using legacy suspend method
<4>[    1.203108] i2c-core: driver [bq24296] using legacy resume method
<3>[    1.203158] ==yezg charger==: bq25890_battery_probe, Enter
<7>[    1.203177] of_get_named_gpio_flags exited with status 13
<7>[    1.203188] of_get_named_gpio_flags exited with status 14
<7>[    1.203199] of_get_named_gpio_flags exited with status 6
<3>[    1.210949] ==yezg charger==: bq25890_battery_probe, ok
<4>[    1.210994] i2c-core: driver [bq25890] using legacy suspend method
<4>[    1.211007] i2c-core: driver [bq25890] using legacy resume method
<4>[    1.211710] ion_drm_heap_create: 0@0
<6>[    1.211827] Rockchip ion module is successfully loaded (v1.1)
<6>[    1.211998] Advanced Linux Sound Architecture Driver Initialized.
<6>[    1.212404] Bluetooth: Core ver 2.16
<6>[    1.212447] NET: Registered protocol family 31
<6>[    1.212459] Bluetooth: HCI device and connection manager initialized
<6>[    1.212478] Bluetooth: HCI socket layer initialized
<6>[    1.212494] Bluetooth: L2CAP socket layer initialized
<6>[    1.212524] Bluetooth: SCO socket layer initialized
<6>[    1.212796] cfg80211: Calling CRDA to update world regulatory domain
<4>[    1.213450] act8846_i2c_probe,line=880
<4>[    1.214878] act8846 set 0xf4 error!
<4>[    1.214964] act8846: probe of 0-005a failed with error -11
<4>[    1.215728] The device is not syr82x fffffff5 
<4>[    1.215747] syr82x: probe of 0-0040 failed with error -11
<4>[    1.216452] The device is not syr82x fffffff5 
<4>[    1.216470] syr82x: probe of 0-0041 failed with error -11
<4>[    1.216940] rk808_i2c_probe,line=1379
<4>[    1.217439] rk808_pre_init,line=1224
<7>[    1.227536] of_get_named_gpio_flags exited with status 4
<7>[    1.227549] of_get_named_gpio_flags exited with status 11
<6>[    1.227575] rk808_i2c_probe: rk808_pmic_sleep=0
<6>[    1.233903] vdd_arm: 712 <--> 1500 mV at 1100 mV 
<6>[    1.240853] vdd_gpu: 712 <--> 1500 mV at 1100 mV 
<6>[    1.247316] rk_dcdc3: 1200 mV 
<6>[    1.254088] vccio: 1800 <--> 3300 mV at 3300 mV 
<6>[    1.260522] rk_ldo1: 3300 mV 
<6>[    1.266960] rk_ldo2: 3300 mV 
<6>[    1.273392] rk_ldo3: 1000 mV 
<6>[    1.279825] rk_ldo4: 1800 mV 
<6>[    1.286252] rk_ldo5: 3300 mV 
<6>[    1.292717] rk_ldo6: 1000 mV 
<6>[    1.299147] rk_ldo7: 1800 mV 
<6>[    1.305583] rk_ldo8: 1800 mV 
<6>[    1.308868] rk_ldo9: at 3300 mV 
<6>[    1.312159] rk_ldo10: at 3300 mV 
<6>[    1.314891] rk808_irq_init: rk808_pmic_irq=1
<4>[    1.321017] i2c-core: driver [rk818] using legacy suspend method
<4>[    1.321032] i2c-core: driver [rk818] using legacy resume method
<4>[    1.321383] rk808_rtc_probe,line=540
<6>[    1.338278] rk808-rtc rk808-rtc: rtc core: registered rk808 as rtc0
<4>[    1.341782] rk808_rtc_probe:ok
<6>[    1.342551] rockchip_pcm_platform_register ji.wang 
<4>[    1.342669] rockchip-i2s ff890000.rockchip-i2s: fail to clear
<4>[    1.342693] rockchip-i2s ff890000.rockchip-i2s: fail to clear
<6>[    1.343251] Switching to clocksource arch_sys_counter
<6>[    1.366758] rga: Module initialized.
<6>[    1.367431] rga2 ff920000.rga: rga ion client create success!
<6>[    1.367591] rga: Driver loaded succesfully
<6>[    1.367786] fb disp policy is box
<7>[    1.367798] uboot-logo-on:1
<6>[    1.367827] rk-fb rockchip-fb: rk fb ion client create success!
<6>[    1.367842] rk-fb rockchip-fb: rockchip framebuffer driver probe
<6>[    1.368180] rk-screen rk_screen.9: rockchip screen probe success
<6>[    1.368434] rk32-lvds rk32-lvds: rk32 lvds driver probe success
<3>[    1.368804] rk32-edp ff970000.edp: screen is not edp!
<4>[    1.368827] rk32-edp: probe of ff970000.edp failed with error -22
<3>[    1.369302] rk3288-lcdc lcdc0: can't find power_ctr node for lcdc0
<6>[    1.369526] graphics fb0: rockchip framebuffer registerd:fb0
<6>[    1.369841] graphics fb1: rockchip framebuffer registerd:fb1
<6>[    1.370012] graphics fb2: rockchip framebuffer registerd:fb2
<6>[    1.370179] graphics fb3: rockchip framebuffer registerd:fb3
<6>[    1.370862] rk3288-lcdc lcdc0: lcdc0: dclk:148500000>>fps:60 
<6>[    1.370881] rk3288-lcdc lcdc0: wakeup from standby!
<6>[    1.416373] alloc_buffer:ion_phy_addr=0x10000000
<6>[    1.428825] fb0:phy:10000000>>vir:e0991000>>len:0x1800000
<6>[    1.443575] rk_iommu ff930300.vopb_mmu: rockchip_iommu_attach_device: Attached new IOMMU with pgtable 0x1eace000
<6>[    1.443627] rk3288-lcdc lcdc0: lcdc0 probe ok, iommu enabled
<4>[    1.444637] rockchip_set_mux:warning ignore bank num 15
<4>[    1.444775] rockchip_set_mux:warning ignore bank num 15
<4>[    1.444899] rockchip_set_mux:warning ignore bank num 15
<4>[    1.445020] rockchip_set_mux:warning ignore bank num 15
<4>[    1.445136] rockchip_set_mux:warning ignore bank num 15
<4>[    1.445256] rockchip_set_mux:warning ignore bank num 15
<4>[    1.446230] rockchip_set_mux:warning ignore bank num 15
<4>[    1.446395] rockchip_set_mux:warning ignore bank num 15
<4>[    1.447342] rockchip_set_mux:warning ignore bank num 15
<4>[    1.447499] rockchip_set_mux:warning ignore bank num 15
<4>[    1.448425] rockchip_set_mux:warning ignore bank num 15
<4>[    1.448576] rockchip_set_mux:warning ignore bank num 15
<4>[    1.449493] rockchip_set_mux:warning ignore bank num 15
<4>[    1.449643] rockchip_set_mux:warning ignore bank num 15
<6>[    1.451233] NET: Registered protocol family 2
<6>[    1.451926] TCP established hash table entries: 4096 (order: 3, 32768 bytes)
<6>[    1.452005] TCP bind hash table entries: 4096 (order: 3, 32768 bytes)
<6>[    1.452080] TCP: Hash tables configured (established 4096 bind 4096)
<6>[    1.452135] TCP: reno registered
<6>[    1.452152] UDP hash table entries: 256 (order: 1, 8192 bytes)
<6>[    1.452177] UDP-Lite hash table entries: 256 (order: 1, 8192 bytes)
<6>[    1.452372] NET: Registered protocol family 1
<6>[    1.453000] Unpacking initramfs...
<6>[    1.519864] Freeing initrd memory: 1252K (c5bf0000 - c5d29000)
<6>[    1.520581] hw perfevents: enabled with ARMv7 Cortex-A12 PMU driver, 7 counters available
<6>[    1.521129] vcodec_service: probe device ff9a0000.vpu_service
<4>[    1.521333] vcodec_service: No reset resource define
<6>[    1.521500] vcodec_service: ff9a0000.vpu_service: power on
<6>[    1.521586] vcodec_service: probe device ff9a0000.vpu_service
<6>[    1.521624] vcodec_service: checking hw id 4831
<6>[    1.522617] vcodec_service: ff9a0000.vpu_service: power off...
<6>[    1.522663] vcodec_service: done
<6>[    1.522674] vcodec_service: init success
<6>[    1.522742] vcodec_service: probe device ff9c0000.hevc_service
<6>[    1.523070] vcodec_service: ff9c0000.hevc_service: power on
<6>[    1.523134] vcodec_service: probe device ff9c0000.hevc_service
<6>[    1.523149] vcodec_service: checking hw id 6867
<6>[    1.523704] vcodec_service: ff9c0000.hevc_service: power off...
<6>[    1.523749] vcodec_service: done
<6>[    1.523759] vcodec_service: init success
<4>[    1.523905] rknandbase v1.0 2014-03-31
<4>[    1.524039] rknand: probe of ff400000.nandc failed with error -1
<4>[    1.524149] rknand_driver:ret = 0 
<6>[    1.524567] audit: initializing netlink socket (disabled)
<5>[    1.524612] type=2000 audit(0.510:1): initialized
<4>[    1.525630] bounce pool size: 64 pages
<6>[    1.530163] fuse init (API version 7.22)
<6>[    1.530556] msgmni has been set to 914
<7>[    1.530606] SELinux:  Registering netfilter hooks
<6>[    1.532311] Block layer SCSI generic (bsg) driver version 0.4 loaded (major 246)
<6>[    1.532329] io scheduler noop registered
<6>[    1.532340] io scheduler deadline registered
<6>[    1.532430] io scheduler cfq registered (default)
<6>[    1.533837] rockchip-hdmiv2 ff980000.hdmi: rockchip hdmiv2 probe sucess.
<4>[    1.534517] IEP Power ON
<4>[    1.534560] iep ion client create success!
<6>[    1.534986] rk_iommu ff900800.iep_mmu: rockchip_iommu_attach_device: Attached new IOMMU with pgtable 0x1eac9000
<4>[    1.535003] IEP Power OFF
<4>[    1.535020] IEP Driver loaded succesfully
<4>[    1.535126] Module initialized.
<6>[    1.536105] dma-pl330 ffb20000.pdma: Loaded driver for PL330 DMAC-2364208
<6>[    1.536126] dma-pl330 ffb20000.pdma: 	DBUFF-64x8bytes Num_Chans-5 Num_Peri-6 Num_Events-10
<6>[    1.537488] dma-pl330 ff250000.pdma: Loaded driver for PL330 DMAC-2364208
<6>[    1.537508] dma-pl330 ff250000.pdma: 	DBUFF-128x8bytes Num_Chans-8 Num_Peri-20 Num_Events-16
<6>[    1.537867] vdd_logic: 925 <--> 1400 mV at 1100 mV 
<4>[    1.538197] rk_serial.c v1.8 2014-03-04
<6>[    1.538447] ff190000.serial: ttyS1 at MMIO 0xff190000 (irq = 88) is a rk29_serial.1
<6>[    1.538624] serial ff190000.serial: membase e41ae000
<6>[    1.541382] loop: module loaded
<6>[    1.541744] zram: Created 1 device(s) ...
<4>[    1.541829] i2c-core: driver [mpu6050B1] using legacy suspend method
<4>[    1.541842] i2c-core: driver [mpu6050B1] using legacy resume method
<6>[    1.541861] mpu_init: Probe name mpu6050B1
<6>[    1.542022] ak8963_mod_init: Probe name ak8963_mod
<3>[    1.542174] [jiwang:] line = 1801 input_uart_init start 
<6>[    1.542444] input: input_uart as /devices/royoleuart.27/input/input0
<3>[    1.542558] [jiwang:] line = 1474 success to register inputdev input_uart
<3>[    1.542584] [jiwang:] line = 163 glass_init success
<7>[    1.542683] of_get_named_gpio_flags exited with status 7
<3>[    1.542703] [jiwang:] line = 1611 input_uart_core.glass_power.gpio(7)!
<3>[    1.542716] [jiwang:] line = 1612 input_uart_core.glass_power.active (0)!
<3>[    1.542728] [jiwang:] line = 1615 input_uart_probe success
<3>[    1.542767] [jiwang:] line = 1819 input_uart_init success
<6>[    1.542937] vibrator_platform_probe!
<7>[    1.542955] of_get_named_gpio_flags exited with status 245
<6>[    1.542977] vibdata.io_enable.gpio(245)!
<6>[    1.542987] vibdata.io_enable.active (0)!
<6>[    1.543059] vibrator_platform_probe OK!
<3>[    1.543212] ==yezg chg monitor==: royole_charger_monitor_probe, Enter
<3>[    1.543385] ==yezg chg monitor==: royole_charger_monitor_probe, ok
<6>[    1.544021] SCSI Media Changer driver v0.25 
<6>[    1.544081] tun: Universal TUN/TAP device driver, 1.6
<6>[    1.544093] tun: (C) 1999-2004 Max Krasnyansky <maxk@qualcomm.com>
<4>[    1.544243] vmac_init.
<3>[    1.544855] stmmac_probe_config_dt: Can not read property: pmu_regulator.
<6>[    1.544872] stmmac_probe_config_dt: clock input/output? (input).
<6>[    1.544885] stmmac_probe_config_dt: TX delay(0x30).
<6>[    1.544897] stmmac_probe_config_dt: RX delay(0x10).
<7>[    1.544910] of_get_named_gpio_flags: can't parse gpios property
<7>[    1.544924] of_get_named_gpio_flags exited with status 136
<7>[    1.544933] of_get_named_gpio_flags: can't parse gpios property
<6>[    1.544944] stmmac_probe_config_dt: is rockchip,rk3288-gmac
<6>[    1.544955] stmmc_pltfr_init:
<3>[    1.544965] stmmc_pltfr_init: ERROR: Get power-gpio failed.
<7>[    1.544978] _gpio_request: gpio-136 (gmac_phy_reset) status -16
<3>[    1.544987] gmac_phy_reset: ERROR: Request pin stmmc_pltfr_init failed.
<6>[    1.544999] stmmc_pltfr_init: init for RGMII
<6>[    1.545010] tx delay=0x30
<6>[    1.545010] rx delay=0x10
<6>[    1.545026] tx delay=0x30
<6>[    1.545026] rx delay=0x10
<6>[    1.545510] stmmac - user ID: 0x10, Synopsys ID: 0x35
<6>[    1.545522]  Normal descriptors
<6>[    1.545531]  Ring mode enabled
<6>[    1.545541]  DMA HW capability register supported
<6>[    1.545553]  RX Checksum Offload Engine supported (type 2)
<6>[    1.545564]  TX Checksum insertion supported
<6>[    1.545572]  Wake-Up On Lan supported
<6>[    1.545611]  Enable RX Mitigation via HW Watchdog Timer
<6>[    1.546073] PPP generic driver version 2.4.2
<6>[    1.546232] PPP BSD Compression module registered
<6>[    1.546245] PPP Deflate Compression module registered
<6>[    1.546269] PPP MPPE Compression module registered
<6>[    1.546282] NET: Registered protocol family 24
<6>[    1.546319] SLIP: version 0.8.4-NET3.019-NEWTTY (dynamic channels, max=256) (6 bit encapsulation enabled).
<6>[    1.546332] CSLIP: code copyright 1989 Regents of the University of California.
<4>[    1.546345] Rockchip WiFi SYS interface (V1.00) ... 
<4>[    1.546380] RTL871X: module init start
<4>[    1.546391] RTL871X: rtl8821au v4.3.19.4_17413.20160414_BTCOEX20150921-58
<4>[    1.546403] RTL871X: build time: Jun 27 2016 19:56:34
<4>[    1.546413] RTL871X: rtl8821au BT-Coex version = BTCOEX20150921-58
<6>[    1.546497] usbcore: registered new interface driver rtl8821au
<4>[    1.546510] RTL871X: module init ret=0
<6>[    1.546575] usbcore: registered new interface driver catc
<6>[    1.546630] usbcore: registered new interface driver kaweth
<6>[    1.546644] pegasus: v0.9.3 (2013/04/25), Pegasus/Pegasus II USB Ethernet driver
<6>[    1.546684] usbcore: registered new interface driver pegasus
<6>[    1.546722] usbcore: registered new interface driver rtl8150
<6>[    1.546759] usbcore: registered new interface driver r8152
<6>[    1.546771] hso: drivers/net/usb/hso.c: Option Wireless
<6>[    1.546841] usbcore: registered new interface driver hso
<6>[    1.546883] usbcore: registered new interface driver asix
<6>[    1.546924] usbcore: registered new interface driver ax88179_178a
<6>[    1.546962] usbcore: registered new interface driver cdc_ether
<6>[    1.546998] usbcore: registered new interface driver cdc_eem
<6>[    1.547034] usbcore: registered new interface driver dm9601
<6>[    1.547070] usbcore: registered new interface driver dm9620
<6>[    1.547115] usbcore: registered new interface driver smsc75xx
<6>[    1.547165] usbcore: registered new interface driver smsc95xx
<6>[    1.547203] usbcore: registered new interface driver gl620a
<6>[    1.547240] usbcore: registered new interface driver net1080
<6>[    1.547277] usbcore: registered new interface driver plusb
<6>[    1.547316] usbcore: registered new interface driver rndis_host
<6>[    1.547354] usbcore: registered new interface driver cdc_subset
<6>[    1.547389] usbcore: registered new interface driver zaurus
<6>[    1.547427] usbcore: registered new interface driver MOSCHIP usb-ethernet driver
<6>[    1.547493] usbcore: registered new interface driver int51x1
<6>[    1.547533] usbcore: registered new interface driver kalmia
<6>[    1.547570] usbcore: registered new interface driver ipheth
<6>[    1.547611] usbcore: registered new interface driver sierra_net
<6>[    1.547649] usbcore: registered new interface driver cx82310_eth
<6>[    1.547695] usbcore: registered new interface driver cdc_ncm
<6>[    1.547739] usbcore: registered new interface driver qmi_wwan
<6>[    1.547778] usbcore: registered new interface driver cdc_mbim
<6>[    1.547791] ehci_hcd: USB 2.0 'Enhanced' Host Controller (EHCI) Driver
<6>[    1.550228] EHCI: ehci_rk_probe e4240000 e4240010
<6>[    1.550247] rockchip_ehci_host ff500000.usb: EHCI Host Controller
<6>[    1.550278] rockchip_ehci_host ff500000.usb: new USB bus registered, assigned bus number 1
<6>[    1.550619] rockchip_ehci_host ff500000.usb: irq 56, io mem 0xff500000
<6>[    1.569648] rockchip_ehci_host ff500000.usb: USB 2.0 started, EHCI 1.00
<6>[    1.569732] usb usb1: New USB device found, idVendor=1d6b, idProduct=0002
<6>[    1.569750] usb usb1: New USB device strings: Mfr=3, Product=2, SerialNumber=1
<6>[    1.569764] usb usb1: Product: EHCI Host Controller
<6>[    1.569778] usb usb1: Manufacturer: Linux 3.10.0 ehci_hcd
<6>[    1.569791] usb usb1: SerialNumber: ff500000.usb
<6>[    1.570240] hub 1-0:1.0: USB hub found
<6>[    1.570272] hub 1-0:1.0: 1 port detected
<6>[    1.570439] EHCI: ehci_rk_probe ok
<6>[    1.570554] ohci_hcd: USB 1.1 'Open' Host Controller (OHCI) Driver
<6>[    1.570772] usbcore: registered new interface driver cdc_acm
<6>[    1.570785] cdc_acm: USB Abstract Control Model driver for USB modems and ISDN adapters
<6>[    1.570839] usbcore: registered new interface driver usblp
<6>[    1.570881] usbcore: registered new interface driver cdc_wdm
<6>[    1.570941] usbcore: registered new interface driver usb-storage
<6>[    1.570981] usbcore: registered new interface driver ums-alauda
<6>[    1.571023] usbcore: registered new interface driver ums-cypress
<6>[    1.571062] usbcore: registered new interface driver ums-datafab
<6>[    1.571100] usbcore: registered new interface driver ums_eneub6250
<6>[    1.571137] usbcore: registered new interface driver ums-freecom
<6>[    1.571176] usbcore: registered new interface driver ums-isd200
<6>[    1.571213] usbcore: registered new interface driver ums-jumpshot
<6>[    1.571249] usbcore: registered new interface driver ums-karma
<6>[    1.571286] usbcore: registered new interface driver ums-onetouch
<6>[    1.571325] usbcore: registered new interface driver ums-sddr09
<6>[    1.571363] usbcore: registered new interface driver ums-sddr55
<6>[    1.571401] usbcore: registered new interface driver ums-usbat
<6>[    1.571494] usbcore: registered new interface driver usbserial
<6>[    1.571535] usbcore: registered new interface driver usbserial_generic
<6>[    1.571568] usbserial: USB Serial support registered for generic
<6>[    1.571608] usbcore: registered new interface driver option
<6>[    1.571639] usbserial: USB Serial support registered for GSM modem (1-port)
<6>[    1.571711] usbcore: registered new interface driver trancevibrator
<6>[    1.571723] usb20_otg: version 3.10a 21-DEC-2012
<3>[    1.571896] usb20otg_hw_init
<3>[    1.571908] ==yezg charger==: bq25890_set_otg, set_otg:0
<4>[    1.572368] e4280040
<4>[    1.572383] Core Release: 3.10a
<4>[    1.572395] Setting default values for core params
<4>[    1.572524] Using Buffer DMA mode
<4>[    1.572537] Periodic Transfer Interrupt Enhancement - disabled
<4>[    1.572548] Multiprocessor Interrupt Enhancement - disabled
<4>[    1.572560] OTG VER PARAM: 0, OTG VER FLAG: 0
<4>[    1.572571] ^^^^^^^^^^^^^^^^^Device Mode
<4>[    1.572584] Dedicated Tx FIFOs mode
<4>[    1.572604] pcd_init otg_dev = ddeddf00
<6>[    1.572925] usb20_otg ff580000.usb: DWC OTG Controller
<6>[    1.572956] usb20_otg ff580000.usb: new USB bus registered, assigned bus number 2
<6>[    1.572994] usb20_otg ff580000.usb: irq 55, io mem 0x00000000
<6>[    1.573054] usb usb2: New USB device found, idVendor=1d6b, idProduct=0002
<6>[    1.573070] usb usb2: New USB device strings: Mfr=3, Product=2, SerialNumber=1
<6>[    1.573084] usb usb2: Product: DWC OTG Controller
<6>[    1.573096] usb usb2: Manufacturer: Linux 3.10.0 dwc_otg_hcd
<6>[    1.573109] usb usb2: SerialNumber: ff580000.usb
<6>[    1.573559] hub 2-0:1.0: USB hub found
<6>[    1.573588] hub 2-0:1.0: 1 port detected
<6>[    1.573901] usb20_host: version 3.10a 21-DEC-2012
<4>[    1.576395] e4300040
<4>[    1.576408] Core Release: 3.10a
<4>[    1.576419] Setting default values for core params
<4>[    1.576530] Using Buffer DMA mode
<4>[    1.576542] Periodic Transfer Interrupt Enhancement - disabled
<4>[    1.576553] Multiprocessor Interrupt Enhancement - disabled
<4>[    1.576565] OTG VER PARAM: 0, OTG VER FLAG: 0
<4>[    1.576576] ^^^^^^^^^^^^^^^^^^Host Mode
<6>[    1.576604] usb20_host ff540000.usb: DWC OTG Controller
<6>[    1.576630] usb20_host ff540000.usb: new USB bus registered, assigned bus number 3
<6>[    1.576660] usb20_host ff540000.usb: irq 57, io mem 0x00000000
<4>[    1.576753] Init: Power Port (0)
<6>[    1.576808] usb usb3: New USB device found, idVendor=1d6b, idProduct=0002
<6>[    1.576825] usb usb3: New USB device strings: Mfr=3, Product=2, SerialNumber=1
<6>[    1.576839] usb usb3: Product: DWC OTG Controller
<6>[    1.576851] usb usb3: Manufacturer: Linux 3.10.0 dwc_otg_hcd
<6>[    1.576864] usb usb3: SerialNumber: ff540000.usb
<6>[    1.577274] hub 3-0:1.0: USB hub found
<6>[    1.577296] hub 3-0:1.0: 1 port detected
<6>[    1.578158] usbcore: registered new interface driver xpad
<6>[    1.578214] usbcore: registered new interface driver usb_acecad
<6>[    1.578277] usbcore: registered new interface driver aiptek
<6>[    1.578326] usbcore: registered new interface driver gtco
<6>[    1.578379] usbcore: registered new interface driver hanwang
<6>[    1.578425] usbcore: registered new interface driver kbtab
<6>[    1.578477] usbcore: registered new interface driver wacom
<3>[    1.578860] ==yezg royole_process_tp==: royole_process_tp_probe, Enter
<3>[    1.578885] ==yezg royole_process_tp==: royole_process_tp_probe, Ok
<3>[    1.578973] ==yezg elan_ts==: elan_ts_probe, Enter
<3>[    1.579062] ==yezg fs==: fts_ts_probe
<4>[    1.579390] sensor_register_slave:mma8452,id=17
<4>[    1.579405] sensor_register_slave:gs_mc3230,id=23
<4>[    1.579415] gsensor_init
<4>[    1.579425] sensor_register_slave:mpu6880_acc,id=24
<4>[    1.579436] sensor_register_slave:mpu6500_acc,id=25
<4>[    1.579447] sensor_register_slave:cm3217,id=48
<4>[    1.579480] sensor_register_slave:cm3218,id=49
<3>[    1.579687] .. rk pwm remotectl v1.1 init
<6>[    1.579927] input: ff680000.pwm as /devices/ff680000.pwm/input/input1
<6>[    1.583234] rtc_hym8563 0-0051: clock/calendar information is no longer guaranteed
<7>[    1.587399] of_get_named_gpio_flags exited with status 4
<3>[    1.587489] genirq: Flags mismatch irq 194. 00002002 (rtc_hym8563) vs. 00002002 (rk808)
<3>[    1.587531] hym8563_probe:fail to request irq = 194, ret = 0xfffffff0
<6>[    1.636405] hdmi output corlor mode is 3
<4>[    1.636425] hdmi connect to lcdc0
<6>[    1.636438] switch:en=1,lcdc_id=0,screen type=6,cur type=1
<6>[    1.636472] rk3288-lcdc lcdc0: lcdc0: dclk:148500000>>fps:60 
<6>[    1.636508] pixel clk is 148500000 tmds clk is 148500000
<6>[    1.640431] i2c /dev entries driver
<6>[    1.641130] IR NEC protocol handler initialized
<6>[    1.641143] IR RC5(x) protocol handler initialized
<6>[    1.641154] IR RC6 protocol handler initialized
<6>[    1.641163] IR JVC protocol handler initialized
<6>[    1.641173] IR Sony protocol handler initialized
<6>[    1.641183] IR RC5 (streamzap) protocol handler initialized
<6>[    1.641194] IR SANYO protocol handler initialized
<6>[    1.641203] IR MCE Keyboard/mouse protocol handler initialized
<6>[    1.641366] usbcore: registered new interface driver uvcvideo
<6>[    1.641378] USB Video Class driver (1.1.1)
<4>[    1.641391] CamSys driver version: v0.32.0,  CamSys head file version: v0.11.0
<4>[    1.642351] D1:camsys_mipiphy_probe_cb(115): compatible is rockchip,rk3288
<4>[    1.642351] 
<4>[    1.642427] D1:camsys_mipiphy_probe_cb(186): ff910000.isp mipi phy0 probe success(reg_phy: 0x0  reg_vir: 0x0  size: 0x0)
<4>[    1.642574] D1:camsys_mipiphy_probe_cb(183): ff910000.isp mipi phy1 probe success(reg_phy: 0xff968000  reg_vir: 0xe41b8000  size: 0x4000)
<4>[    1.643213] D1:camsys_platform_probe(1415): ff910000.isp memory:
<4>[    1.643231] D1:camsys_platform_probe(1425):     Register memory (phy: 0xff910000 vir: 0xe4220000 size: 0x10000)
<4>[    1.643247] D1:camsys_platform_probe(1420):     I2c memory (phy: 0x1df3c000 vir: 0xddf3c000 size: 0x1000)
<4>[    1.643261] D1:camsys_init_ext_fsh_module(20): init external flash module
<4>[    1.643273] D1:camsys_platform_probe(1440): Probe ff910000.isp device success 
<6>[    1.643582] test power disabled
<3>[    1.643664] ==yezg battery==: bq27542_battery_probe, Enter
<3>[    1.649988] ==yezg battery==: bq27542_battery_probe, ok
<4>[    1.650043] i2c-core: driver [bq27542] using legacy suspend method
<4>[    1.650056] i2c-core: driver [bq27542] using legacy resume method
<4>[    1.650115] i2c-core: driver [bq27320] using legacy suspend method
<4>[    1.650127] i2c-core: driver [bq27320] using legacy resume method
<4>[    1.650451] rockchip_temp_probe,line=362
<4>[    1.668125] dwc_otg_hcd_suspend, usb device mode
<6>[    1.707404] tsadc ff280000.tsadc: initialized
<6>[    1.707771] device-mapper: uevent: version 1.0.3
<6>[    1.708017] device-mapper: ioctl: 4.24.0-ioctl (2013-01-15) initialised: dm-devel@redhat.com
<6>[    1.708318] rtk_btusb: Realtek Bluetooth USB driver module init, version 4.0.0
<6>[    1.708334] rtk_btusb: Register usb char device interface for BT driver
<6>[    1.708519] usbcore: registered new interface driver rtk_btusb
<4>[    1.708632] DVFS WARNING:	clk_enable_dvfs: clk(aclk_vio1) freq table all value are smaller than default(594000), use default, just enable dvfs
<4>[    1.716328] cpufreq version 1.0, suspend freq 1200 MHz
<6>[    1.716520] cpuidle: using governor ladder
<6>[    1.716534] cpuidle: using governor menu
<6>[    1.716571] Synopsys Designware Multimedia Card Interface Driver
<6>[    1.716582] MHSC version = Ver 2.00 2015-06-10
<4>[    1.716888] dw cru_regsbase addr 0x1d8.
<4>[    1.716901] dw cru_reset_offset val 3.
<6>[    1.716916] dwmmc_rockchip ff0f0000.rksdmmc: Version ID is 270a
<3>[    1.716960] dwmmc_rockchip ff0f0000.rksdmmc: failed to get hpclk_mmc
<6>[    1.717266] dwmmc_rockchip ff0f0000.rksdmmc: Using internal DMA controller.
<4>[    1.717422] dw_mci_init_slot: fmin=400000, fmax=150000000 [mmc0]
<7>[    1.717451] of_get_named_gpio_flags: can't parse gpios property
<4>[    1.717561] 1358..dw_mci_set_ios:  no card. [mmc0]
<4>[    1.736930] 1358..dw_mci_set_ios:  no card. [mmc0]
<4>[    1.756627] rk_sdmmc: BOOT dw_mci_setup_bus: argue clk_mmc workaround out 800000Hz for init[mmc0]
<6>[    1.756636] dwmmc_rockchip ff0f0000.rksdmmc: DW MMC controller at irq 67, 32 bit host data width, 256 deep fifo
<6>[    1.756644] dwmmc_rockchip ff0f0000.rksdmmc: 1 slots initialized
<4>[    1.756919] dw cru_regsbase addr 0x1d8.
<4>[    1.756928] dw cru_reset_offset val 1.
<6>[    1.756937] dwmmc_rockchip ff0d0000.rksdmmc: Version ID is 270a
<3>[    1.756970] dwmmc_rockchip ff0d0000.rksdmmc: failed to get hpclk_mmc
<6>[    1.757757] dwmmc_rockchip ff0d0000.rksdmmc: Using internal DMA controller.
<4>[    1.757877] dw_mci_init_slot: fmin=200000, fmax=50000000 [mmc1]
<7>[    1.757895] of_get_named_gpio_flags: can't parse gpios property
<4>[    1.758130] 1358..dw_mci_set_ios:  no card. [mmc1]
<4>[    1.776280] 1358..dw_mci_set_ios:  no card. [mmc1]
<6>[    1.788744] mmc0: BKOPS_EN bit is not set
<4>[    1.790616] rk_sdmmc: BOOT Bus speed=0Hz,Bus width=8bits.[mmc0]
<6>[    1.792896] mmc_host mmc0: Bus speed (slot 0) = 150000000Hz (slot req 150000000Hz, actual 150000000HZ div = 0)
<4>[    1.792919] rk_sdmmc: BOOT dw_mci_setup_bus: argue clk_mmc workaround out normal clock [mmc0]
<6>[    1.792940] [mmc0] tuning regsbase addr 0x218.
<3>[    1.793233] dwmmc_rockchip ff0f0000.rksdmmc: Tuning error: cmd.error:-84, data.error:-115
<3>[    1.793263] dwmmc_rockchip ff0f0000.rksdmmc: Tuning error: cmd.error:-84, data.error:-115
<3>[    1.793293] dwmmc_rockchip ff0f0000.rksdmmc: Tuning error: cmd.error:-84, data.error:-115
<3>[    1.793322] dwmmc_rockchip ff0f0000.rksdmmc: Tuning error: cmd.error:-84, data.error:-115
<3>[    1.793344] [mmc0] Data transmission error !!!!  MINTSTS: [0x00002000]
<3>[    1.793353] [mmc0] host was already tuning, Don't need to retry tune again ignore 0.
<3>[    1.793373] dwmmc_rockchip ff0f0000.rksdmmc: Tuning error: cmd.error:-84, data.error:-115
<3>[    1.793713] dwmmc_rockchip ff0f0000.rksdmmc: Good phase range 0-90 (9 len)
<3>[    1.793725] dwmmc_rockchip ff0f0000.rksdmmc: Good phase range 158-282 (12 len)
<3>[    1.793735] dwmmc_rockchip ff0f0000.rksdmmc: Best phase range 158-282 (12 len)
<3>[    1.793746] dwmmc_rockchip ff0f0000.rksdmmc: Successfully tuned phase to 225
<6>[    1.793783] mmc0: new HS200 MMC card at address 0001
<6>[    1.794054] mmcblk0: mmc0:0001 CJNB4R 58.2 GiB 
<6>[    1.794358]      uboot: 0x000400000 -- 0x000800000 (4 MB)
<6>[    1.794369]       misc: 0x000800000 -- 0x000c00000 (4 MB)
<6>[    1.794378]   resource: 0x000c00000 -- 0x001c00000 (16 MB)
<6>[    1.794387]     kernel: 0x001c00000 -- 0x002c00000 (16 MB)
<6>[    1.794396]       boot: 0x002c00000 -- 0x004c00000 (32 MB)
<6>[    1.794404]   recovery: 0x004c00000 -- 0x006c00000 (32 MB)
<6>[    1.794413]     backup: 0x006c00000 -- 0x00a000000 (52 MB)
<6>[    1.794421]      cache: 0x00a000000 -- 0x012000000 (128 MB)
<6>[    1.794429]     kpanic: 0x012000000 -- 0x012400000 (4 MB)
<6>[    1.794438]     system: 0x012400000 -- 0x072400000 (1536 MB)
<6>[    1.794446]   metadata: 0x072400000 -- 0x073400000 (16 MB)
<6>[    1.794455] baseparamer: 0x073400000 -- 0x073800000 (4 MB)
<6>[    1.794463]   userdata: 0x073800000 -- 0x0b3800000 (1024 MB)
<6>[    1.794471] radical_update: 0x0b3800000 -- 0x0b7800000 (64 MB)
<6>[    1.794480]       user: 0x0b7800000 -- 0xe8f400000 (56700 MB)
<6>[    1.794509]  mmcblk0: p1 p2 p3 p4 p5 p6 p7 p8 p9 p10 p11 p12 p13 p14 p151358..dw_mci_set_ios:  no card. [mmc1]
<6>[    1.796007] dwmmc_rockchip ff0d0000.rksdmmc: DW MMC controller at irq 65, 32 bit host data width, 256 deep fifo
<6>[    1.796019] dwmmc_rockchip ff0d0000.rksdmmc: 1 slots initialized
<4>[    1.796291] leds-gpio power-led.23: pins are not configured from the driver
<7>[    1.796312] of_get_named_gpio_flags exited with status 264
<7>[    1.796321] of_get_named_gpio_flags exited with status 264
<3>[    1.796497] ==yezg leds==royole_leds_battery_probe, Enter
<7>[    1.796514] of_get_named_gpio_flags exited with status 224
<7>[    1.796526] of_get_named_gpio_flags exited with status 229
<7>[    1.796536] of_get_named_gpio_flags exited with status 226
<7>[    1.796546] of_get_named_gpio_flags exited with status 227
<3>[    1.797201] ==yezg leds==royole_leds_battery_probe, line:486, ok
<6>[    1.797272] hidraw: raw HID events driver (C) Jiri Kosina
<6>[    1.798644] usbcore: registered new interface driver usbhid
<6>[    1.798653] usbhid: USB HID core driver
<6>[    1.798759] ashmem: initialized
<6>[    1.798857] logger: created 256K log 'log_main'
<6>[    1.798951] logger: created 256K log 'log_events'
<6>[    1.799042] logger: created 256K log 'log_radio'
<6>[    1.799127] logger: created 256K log 'log_system'
<6>[    1.799909] rk-keypad key.36: no io-channels defined
<7>[    1.799927] of_get_named_gpio_flags exited with status 5
<7>[    1.799934] of_get_named_gpio_flags exited with status 5
<6>[    1.800168] input: rk29-keypad as /devices/ff100000.adc/key.36/input/input2
<3>[    1.801027] [jiwang:] line = 65 rockchip_hdmi_i2s_audio_probe hdmi-i2s
<6>[    1.801619] rockchip_pcm_platform_register ji.wang 
<6>[    1.801673] rockchip-spdif ff880000.rockchip-spdif: spdif ready.
<3>[    1.802103] [jiwang:] line = 113 rockchip_hdmi_i2s_audio_probe rockchip-hdmi-i2s
<6>[    1.804316] dmaengine_pcm_new card->name(RK-HDMI-I2S)
<6>[    1.804331] dmaengine_pcm_new: 243 done
<6>[    1.804338] (audio_dma_chan[I2S_CAPTURE] == NULL)
<6>[    1.804345] (audio_dma_chan[SPDIF_PLAYBACK] == NULL)
<6>[    1.806318] dmaengine_pcm_new card->name(RK-HDMI-I2S)
<6>[    1.806329] dmaengine_pcm_new: 243 done
<6>[    1.806335] (audio_dma_chan[SPDIF_PLAYBACK] == NULL)
<6>[    1.806349] rockchip-hdmi-i2s rockchip-hdmi-i2s.31:  rk-hdmi-i2s-hifi <-> ff890000.rockchip-i2s mapping ok
<6>[    1.806921] u32 classifier
<6>[    1.806930]     Actions configured
<6>[    1.806943] Netfilter messages via NETLINK v0.30.
<6>[    1.807001] nf_conntrack version 0.5.0 (16384 buckets, 65536 max)
<6>[    1.807331] ctnetlink v0.93: registering with nfnetlink.
<6>[    1.807396] NF_TPROXY: Transparent proxy support initialized, version 4.1.0
<6>[    1.807405] NF_TPROXY: Copyright (c) 2006-2007 BalaBit IT Ltd.
<6>[    1.807678] xt_time: kernel timezone is -0000
<6>[    1.807887] ip_tables: (C) 2000-2006 Netfilter Core Team
<6>[    1.808027] arp_tables: (C) 2002 David S. Miller
<6>[    1.808066] TCP: cubic registered
<6>[    1.808073] Initializing XFRM netlink socket
<6>[    1.808303] NET: Registered protocol family 10
<6>[    1.808847] mip6: Mobile IPv6
<6>[    1.808876] ip6_tables: (C) 2000-2006 Netfilter Core Team
<6>[    1.809005] sit: IPv6 over IPv4 tunneling driver
<6>[    1.809347] NET: Registered protocol family 17
<6>[    1.809373] NET: Registered protocol family 15
<5>[    1.809426] Bridge firewalling registered
<6>[    1.809439] Ebtables v2.0 registered
<6>[    1.809506] l2tp_core: L2TP core driver, V2.0
<6>[    1.809522] l2tp_ppp: PPPoL2TP kernel driver, V2.0
<6>[    1.809531] [WLAN_RFKILL]: Enter rfkill_wlan_init
<6>[    1.809751] [WLAN_RFKILL]: Enter rfkill_wlan_probe
<6>[    1.809762] [WLAN_RFKILL]: can't find rockchip,grf property
<6>[    1.809771] [WLAN_RFKILL]: wlan_platdata_parse_dt: wifi_chip_type = rtl8821au
<6>[    1.809781] [WLAN_RFKILL]: wlan_platdata_parse_dt: enable wifi power control.
<6>[    1.809790] [WLAN_RFKILL]: wlan_platdata_parse_dt: disable wifi io reference voltage control.
<6>[    1.809799] [WLAN_RFKILL]: wlan_platdata_parse_dt: wifi power controled by gpio.
<7>[    1.809816] of_get_named_gpio_flags exited with status 156
<6>[    1.809823] [WLAN_RFKILL]: wlan_platdata_parse_dt: get property: WIFI,poweren_gpio = 156, flags = 0.
<7>[    1.809831] of_get_named_gpio_flags: can't parse gpios property
<7>[    1.809838] of_get_named_gpio_flags: can't parse gpios property
<6>[    1.809845] [WLAN_RFKILL]: rfkill_wlan_probe: init gpio
<6>[    1.809878] [WLAN_RFKILL]: rockchip_wifi_voltage_select: wifi & sdio reference voltage: 3.3V
<6>[    1.809887] [WLAN_RFKILL]: Exit rfkill_wlan_probe
<6>[    1.809935] [BT_RFKILL]: Enter rfkill_rk_init
<7>[    1.810039] of_get_named_gpio_flags exited with status 157
<6>[    1.810047] [BT_RFKILL]: bluetooth_platdata_parse_dt: get property: BT,power_gpio = 157.
<7>[    1.810056] of_get_named_gpio_flags: can't parse gpios property
<7>[    1.810062] of_get_named_gpio_flags: can't parse gpios property
<7>[    1.810068] of_get_named_gpio_flags: can't parse gpios property
<6>[    1.810175] [BT_RFKILL]: bt_default device registered.
<4>[    1.810554] rk3288_init_suspend
<4>[    1.810565] rk3288_suspend_init enter
<4>[    1.810748] rk3288_suspend_init: pm_ctrbits =200007
<4>[    1.810779] gpio_get_dts_info suspend:4
<4>[    1.810788] gpio_get_dts_info resume:4
<4>[    1.810794] rockchip,pmic-suspend_gpios:14007a10 0 0 0 0 0 0 0 0 0 0 0 0 0 0 0 0 0 0 0 
<4>[    1.810827] rockchip,pmic-resume_gpios:2007a11 0 0 0 0 0 0 0 0 0 0 0 0 0 0 0 0 0 0 0 
<4>[    1.810988] clks_gating_suspend_init:clkgt info ok
<5>[    1.811089] Registering SWP/SWPB emulation handler
<6>[    1.811101] rockchip_uboot_mem_late_init: Freeing uboot logo memory: 0x02000000@0xfbc00000
<6>[    1.814358] ddrfreq: verion 1.2 20140526
<6>[    1.814373] ddrfreq: normal 456MHz video_1080p 0MHz video_4k 528MHz dualview 0MHz idle 0MHz suspend 200MHz reboot 456MHz
<6>[    1.814383] ddrfreq: auto-freq=0
<6>[    1.814390] ddrfreq: auto-freq-table[0] 240MHz
<6>[    1.814396] ddrfreq: auto-freq-table[1] 324MHz
<6>[    1.814403] ddrfreq: auto-freq-table[2] 456MHz
<6>[    1.814410] ddrfreq: auto-freq-table[3] 528MHz
<6>[    1.821366] regulator-dummy: disabling
<4>[    1.821464] ==FPGA_machx03_init==
<4>[    1.821554] fpga_machx03_probe
<1>[    1.821650] Succedded to initialize machx03 device. 0x40 
<4>[    1.821688] ret=0
<4>[    1.821759] pcd_pullup, is_on 0
<6>[    1.821800] file system registered
<6>[    1.822474] android_usb gadget: Mass Storage Function, version: 2009/09/11
<6>[    1.822485] android_usb gadget: Number of LUNs=2
<6>[    1.822495]  lun0: LUN: removable file: (no medium)
<6>[    1.822502]  lun1: LUN: removable file: (no medium)
<6>[    1.822673] android_usb gadget: android_usb ready
<6>[    1.822784] sensor_init: Probe name sensors
<4>[    1.822803] sensor-dev.c v1.4 add angle calculation support between two gsensors 2013-09-01
<6>[    1.826957] rk808-rtc rk808-rtc: setting system clock to 2013-01-21 08:50:23 UTC (1358758223)
<6>[    1.834913] dmaengine_pcm_new card->name(RK-SPDIF-CARD)
<6>[    1.834927] dmaengine_pcm_new: 243 done
<6>[    1.834940] rockchip-spdif-card rockchip-spdif-card.32:  rk-hdmi-spdif-hifi <-> ff880000.rockchip-spdif mapping ok
<6>[    1.835807] usbcore: registered new interface driver snd-usb-audio
<6>[    1.835817] ALSA device list:
<6>[    1.835824]   #0: RK-HDMI-I2S
<6>[    1.835830]   #1: RK-SPDIF-CARD
<6>[    1.836111] Freeing unused kernel memory: 352K (c0ba6000 - c0bfe000)
<7>[    1.846678] SELinux: 2048 avtab hash slots, 5368 rules.
<7>[    1.848780] SELinux: 2048 avtab hash slots, 5368 rules.
<7>[    1.848802] SELinux:  1 users, 2 roles, 442 types, 0 bools, 1 sens, 1024 cats
<7>[    1.848810] SELinux:  86 classes, 5368 rules
<7>[    1.849795] SELinux:  Completing initialization.
<7>[    1.849804] SELinux:  Setting up existing superblocks.
<7>[    1.849819] SELinux: initialized (dev sysfs, type sysfs), uses genfs_contexts
<7>[    1.849837] SELinux: initialized (dev rootfs, type rootfs), uses genfs_contexts
<7>[    1.849908] SELinux: initialized (dev bdev, type bdev), not configured for labeling
<7>[    1.849921] SELinux: initialized (dev proc, type proc), uses genfs_contexts
<7>[    1.849937] SELinux: initialized (dev tmpfs, type tmpfs), uses transition SIDs
<7>[    1.849953] SELinux: initialized (dev devtmpfs, type devtmpfs), uses transition SIDs
<7>[    1.850134] SELinux: initialized (dev debugfs, type debugfs), uses genfs_contexts
<7>[    1.861227] SELinux: initialized (dev sockfs, type sockfs), uses task SIDs
<7>[    1.861244] SELinux: initialized (dev pipefs, type pipefs), uses task SIDs
<7>[    1.861254] SELinux: initialized (dev anon_inodefs, type anon_inodefs), not configured for labeling
<7>[    1.861264] SELinux: initialized (dev devpts, type devpts), uses transition SIDs
<7>[    1.861282] SELinux: initialized (dev selinuxfs, type selinuxfs), uses genfs_contexts
<7>[    1.861332] SELinux: initialized (dev configfs, type configfs), not configured for labeling
<7>[    1.861340] SELinux: initialized (dev tmpfs, type tmpfs), uses transition SIDs
<7>[    1.861360] SELinux: initialized (dev sysfs, type sysfs), uses genfs_contexts
<6>[    1.884525] usb 1-1: new high-speed USB device number 2 using rockchip_ehci_host
<5>[    1.987998] type=1403 audit(1358758223.650:2): policy loaded auid=4294967295 ses=4294967295
<3>[    2.012471] usb 1-1: device descriptor read/64, error -71
<11>[    2.012561] init: invalid gid 'trace'
<11>[    2.101068] init: /dev/hw_random not found
<6>[    2.101134] keychord: using input dev input_uart for fevent
<6>[    2.101143] keychord: using input dev ff680000.pwm for fevent
<6>[    2.101151] keychord: using input dev rk29-keypad for fevent
<7>[    2.101568] SELinux: initialized (dev cgroup, type cgroup), uses genfs_contexts
<7>[    2.101821] SELinux: initialized (dev tmpfs, type tmpfs), uses transition SIDs
<7>[    2.102073] SELinux: initialized (dev cgroup, type cgroup), uses genfs_contexts
<7>[    2.103207] SELinux: initialized (dev tmpfs, type tmpfs), uses transition SIDs
<7>[    2.103346] SELinux: initialized (dev tmpfs, type tmpfs), uses transition SIDs
<7>[    2.104449] SELinux: initialized (dev cgroup, type cgroup), uses genfs_contexts
<5>[    2.105404] type=1400 audit(1358758223.770:3): avc:  denied  { create } for  pid=1 comm="init" name="internal_sd" scontext=u:r:init:s0 tcontext=u:object_r:fuse:s0 tclass=dir permissive=1
<5>[    2.105433] type=1400 audit(1358758223.770:4): avc:  denied  { associate } for  pid=1 comm="init" name="internal_sd" scontext=u:object_r:fuse:s0 tcontext=u:object_r:rootfs:s0 tclass=filesystem permissive=1
<11>[    2.105674] init: /dev/hw_random not found
<14>[    2.106569] fs_mgr: Running /sbin/resize2fs on /dev/block/platform/ff0f0000.rksdmmc/by-name/system
<14>[    2.107389] resize2fs: resize2fs 1.42.9 (28-Dec-2013)resize2fs: The filesystem is already 393216 blocks long.  Nothing to do!resize2fs: 
<4>[    2.109332] EXT4-fs (mmcblk0p10): Ignoring removed nomblk_io_submit option
<6>[    2.117826] EXT4-fs (mmcblk0p10): recovery complete
<6>[    2.118227] EXT4-fs (mmcblk0p10): mounted filesystem with ordered data mode. Opts: nomblk_io_submit,errors=remount-ro
<7>[    2.118249] SELinux: initialized (dev mmcblk0p10, type ext4), uses xattr
<14>[    2.118308] fs_mgr: check_fs(): mount(/dev/block/platform/ff0f0000.rksdmmc/by-name/system,/system,ext4)=0
<14>[    2.119071] fs_mgr: Running /sbin/e2fsck on /dev/block/platform/ff0f0000.rksdmmc/by-name/system
<14>[    2.123502] e2fsck: e2fsck 1.42.9 (28-Dec-2013)
<14>[    2.123545] e2fsck: system: clean, 1783/84672 files, 115785/393216 blocks
<6>[    2.126120] EXT4-fs (mmcblk0p10): mounted filesystem with ordered data mode. Opts: noauto_da_alloc
<7>[    2.126140] SELinux: initialized (dev mmcblk0p10, type ext4), uses xattr
<14>[    2.126189] fs_mgr: __mount(source=/dev/block/platform/ff0f0000.rksdmmc/by-name/system,target=/system,type=ext4)=0
<6>[    2.131070] EXT4-fs (mmcblk0p8): recovery complete
<6>[    2.131480] EXT4-fs (mmcblk0p8): mounted filesystem with ordered data mode. Opts: noauto_da_alloc,discard
<7>[    2.131494] SELinux: initialized (dev mmcblk0p8, type ext4), uses xattr
<14>[    2.131530] fs_mgr: __mount(source=/dev/block/platform/ff0f0000.rksdmmc/by-name/cache,target=/cache,type=ext4)=0
<4>[    2.131840] EXT4-fs (mmcblk0p11): Ignoring removed nomblk_io_submit option
<6>[    2.134265] EXT4-fs (mmcblk0p11): recovery complete
<6>[    2.134276] EXT4-fs (mmcblk0p11): mounted filesystem with ordered data mode. Opts: nomblk_io_submit,errors=remount-ro
<7>[    2.134290] SELinux: initialized (dev mmcblk0p11, type ext4), uses xattr
<14>[    2.134322] fs_mgr: check_fs(): mount(/dev/block/platform/ff0f0000.rksdmmc/by-name/metadata,/metadata,ext4)=0
<14>[    2.135049] fs_mgr: Running /sbin/e2fsck on /dev/block/platform/ff0f0000.rksdmmc/by-name/metadata
<14>[    2.138511] e2fsck: e2fsck 1.42.9 (28-Dec-2013)
<14>[    2.138542] e2fsck: /dev/block/platform/ff0f0000.rksdmmc/by-name/metadata: clean, 11/1024 files, 1102/4096 blocks
<6>[    2.141381] EXT4-fs (mmcblk0p11): mounted filesystem with ordered data mode. Opts: noauto_da_alloc,discard
<7>[    2.141403] SELinux: initialized (dev mmcblk0p11, type ext4), uses xattr
<14>[    2.141447] fs_mgr: __mount(source=/dev/block/platform/ff0f0000.rksdmmc/by-name/metadata,target=/metadata,type=ext4)=0
<14>[    2.141482] fs_mgr: Running /system/bin/fsck.f2fs -f /dev/block/platform/ff0f0000.rksdmmc/by-name/userdata
<14>[    2.142285] fsck.f2fs: executing /system/bin/fsck.f2fs failed: No such file or directory
<14>[    2.142318] fsck.f2fs: fsck.f2fs terminated by exit(255)
<14>[    2.142548] fs_mgr: __mount(source=/dev/block/platform/ff0f0000.rksdmmc/by-name/userdata,target=/data,type=f2fs)=-1
<4>[    2.142859] EXT4-fs (mmcblk0p13): Ignoring removed nomblk_io_submit option
<6>[    2.214788] EXT4-fs (mmcblk0p13): recovery complete
<6>[    2.215176] EXT4-fs (mmcblk0p13): mounted filesystem with ordered data mode. Opts: nomblk_io_submit,errors=remount-ro
<7>[    2.215197] SELinux: initialized (dev mmcblk0p13, type ext4), uses xattr
<14>[    2.215258] fs_mgr: check_fs(): mount(/dev/block/platform/ff0f0000.rksdmmc/by-name/userdata,/data,ext4)=0
<14>[    2.217231] fs_mgr: Running /sbin/e2fsck on /dev/block/platform/ff0f0000.rksdmmc/by-name/userdata
<14>[    2.221351] e2fsck: e2fsck 1.42.9 (28-Dec-2013)
<14>[    2.221383] e2fsck: /dev/block/platform/ff0f0000.rksdmmc/by-name/userdata: clean, 1613/65536 files, 78207/262144 blocks
<6>[    2.224262] EXT4-fs (mmcblk0p13): mounted filesystem with ordered data mode. Opts: noauto_da_alloc,discard,errors=panic
<7>[    2.224283] SELinux: initialized (dev mmcblk0p13, type ext4), uses xattr
<14>[    2.224324] fs_mgr: __mount(source=/dev/block/platform/ff0f0000.rksdmmc/by-name/userdata,target=/data,type=ext4)=0
<11>[    2.224339] fs_mgr: mount_with_alternatives(): Mounted /dev/block/platform/ff0f0000.rksdmmc/by-name/userdata on /data with fs_type=ext4 instead of f2fs
<6>[    2.230282] EXT4-fs (mmcblk0p15): recovery complete
<6>[    2.230663] EXT4-fs (mmcblk0p15): mounted filesystem with ordered data mode. Opts: noauto_da_alloc,discard
<7>[    2.230681] SELinux: initialized (dev mmcblk0p15, type ext4), uses xattr
<14>[    2.230724] fs_mgr: __mount(source=/dev/block/platform/ff0f0000.rksdmmc/by-name/user,target=/mnt/sdext,type=ext4)=0
<7>[    2.231344] SELinux: initialized (dev functionfs, type functionfs), uses genfs_contexts
<3>[    2.234274] [jiwang:] line = 551 open process_name: init: pid(1)
<3>[    2.234293] [jiwang:] line = 587 close process_name: init: pid(1)
<3>[    2.234308] [jiwang:] line = 551 open process_name: init: pid(1)
<3>[    2.234318] [jiwang:] line = 587 close process_name: init: pid(1)
<4>[    2.236634] drmboot: module license 'unspecified' taints kernel.
<4>[    2.236643] Disabling lock debugging due to kernel taint
<4>[    2.236846] drm init, 20140910
<4>[    2.237301] drm init ok
<6>[    2.242283] arm_release_ver of this mali_ko is 'r6p0-02rel0', rk_ko_ver is '13', built at '09:15:10', on 'Oct 22 2015'.
<6>[    2.242360] mali ffa30000.gpu: Continuing without Mali clock control
<4>[    2.242395] mali pd enabled
<4>[    2.242404] clk enabled
<4>[    2.242414] MALI_DVFS_STEP = 4, div_dvfs = 10 
<6>[    2.242421] mali_dvfs_infotbl[0].clock=198000,min_threshold=0,max_threshold=70
<6>[    2.242428] mali_dvfs_infotbl[1].clock=297000,min_threshold=70,max_threshold=80
<6>[    2.242434] mali_dvfs_infotbl[2].clock=417000,min_threshold=80,max_threshold=90
<6>[    2.242441] mali_dvfs_infotbl[3].clock=480000,min_threshold=94,max_threshold=100
<3>[    2.242534] turn on mali power
<6>[    2.242544] kbase_platform_rk_init,register_reboot_notifier
<4>[    2.242581] hrtimer: interrupt took 10791 ns
<6>[    2.242665] mali ffa30000.gpu: GPU identified as 0x0750 r0p0 status 1
<3>[    2.248620] usb 1-1: device descriptor read/64, error -71
<6>[    2.256627] mali ffa30000.gpu: Probed as mali0
<3>[    2.257551] rk29_ipp: version magic '3.0.8+ SMP preempt mod_unload ARMv7 ' should be '3.10.0 SMP preempt mod_unload ARMv7 p2v8 '
<3>[    2.258041] rk29_ipp: version magic '3.0.36+ SMP preempt mod_unload ARMv7 ' should be '3.10.0 SMP preempt mod_unload ARMv7 p2v8 '
<3>[    2.258514] rk29_ipp: version magic '3.0.101+ SMP preempt mod_unload ARMv7 ' should be '3.10.0 SMP preempt mod_unload ARMv7 p2v8 '
<6>[    2.259444] zram0: detected capacity change from 0 to 533413888
<6>[    2.290435] Adding 520908k swap on /dev/block/zram0.  Priority:-1 extents:1 across:520908k SS
<3>[    2.314653] EXT4-fs (mmcblk0p13): Unrecognized mount option "background_gc=on" or missing value
<5>[    2.314934] type=1400 audit(1358758223.980:5): avc:  denied  { read } for  pid=1 comm="init" name="/" dev="mmcblk0p15" ino=2 scontext=u:r:init:s0 tcontext=u:object_r:fuse:s0 tclass=dir permissive=1
<5>[    2.314965] type=1400 audit(1358758223.980:6): avc:  denied  { open } for  pid=1 comm="init" path="/mnt/sdext" dev="mmcblk0p15" ino=2 scontext=u:r:init:s0 tcontext=u:object_r:fuse:s0 tclass=dir permissive=1
<5>[    2.314988] type=1400 audit(1358758223.980:7): avc:  denied  { setattr } for  pid=1 comm="init" name="/" dev="mmcblk0p15" ino=2 scontext=u:r:init:s0 tcontext=u:object_r:fuse:s0 tclass=dir permissive=1
<14>[    2.323535] bat_cap: oldcap path is /sys/devices/ff100000.adc
<11>[    2.323585] bat_cap: oldcap_path no exist
<6>[    2.323723] binder: 154:154 transaction failed 29189, size 0-0
<11>[    2.324056] init: Warning!  Service displayd needs a SELinux domain defined; please fix!
<11>[    2.327805] init: property 'ro.serialno' doesn't exist while expanding '${ro.serialno}'
<11>[    2.327828] init: cannot expand '${ro.serialno}' while writing to '/sys/class/android_usb/android0/iSerial'
<11>[    2.328072] init: using deprecated syntax for specifying property 'ro.product.usbfactory', use ${name} instead
<6>[    2.328410] rtk_btusb: btchr_open: BT usb char device is opening
<3>[    2.328420] rtk_btusb: btchr_open: Failed to get hci dev[NULL]
<6>[    2.328433] rtk_btusb: btchr_open: BT usb char device is opening
<3>[    2.328440] rtk_btusb: btchr_open: Failed to get hci dev[NULL]
<11>[    2.332225] init: cannot find '/system/bin/debuggerd64', disabling 'debuggerd64'
<11>[    2.333806] init: cannot find '/system/bin/install-recovery.sh', disabling 'flash_recovery'
<11>[    2.334440] init: Warning!  Service royole_inputcmd needs a SELinux domain defined; please fix!
<11>[    2.334666] init: cannot find '/system/bin/bplus_helper', disabling 'bplus_helper'
<11>[    2.334850] init: Warning!  Service drmservice needs a SELinux domain defined; please fix!
<11>[    2.335102] init: cannot find '/system/bin/akmd', disabling 'akmd'
<7>[    2.336112] SELinux: initialized (dev tmpfs, type tmpfs), uses transition SIDs
<3>[    2.336692] android_usb: already disabled
<6>[    2.340062] read descriptors
<6>[    2.340078] read strings
<6>[    2.340095] mtp_bind_config
<4>[    2.340120] pcd_pullup, is_on 1
<7>[    2.404230] SELinux: initialized (dev fuse, type fuse), uses genfs_contexts
<7>[    2.404238] SELinux: initialized (dev fuse, type fuse), uses genfs_contexts
<6>[    2.474939] usb 1-1: new high-speed USB device number 3 using rockchip_ehci_host
<3>[    2.529215] [jiwang:] line = 551 open process_name: inputcmd: pid(169)
<3>[    2.529290] [jiwang:] line = 302 compatible_path is /dev/ttyS1
<38>[    2.533250] logd.auditd: start
<3>[    2.534041] [jiwang:] line = 313 open /dev/ttyS1 success 
<3>[    2.535827] [jiwang:] line = 369 inputuart_begin_uart success
<3>[    2.535832] input_uart_recv_thread
<3>[    2.535837] ==yezg fs==: fts_ts_begin
<3>[    2.535842] ==yezg fs==: fts_ts_begin
<3>[    2.535846] ==yezg fs==: fts_ts_begin_probe, Enter
<3>[    2.535861] [jiwang:] line = 587 close process_name: inputcmd: pid(169)
<7>[    2.535865] of_get_named_gpio_flags exited with status 230
<6>[    2.536580] input: fts_ts as /devices/ff160000.i2c/i2c-4/4-0038/input/input3
<6>[    2.537644] gpufreq_input_connect
<3>[    2.537706] fts_ts 4-0038: Can not lookup pmx_ts_active pinstate -19
<3>[    2.537728] [jiwang:] line = 82 glass_set_cmd (GR10
<3>[    2.537728] )
<4>[    2.549678] RKNAND_GET_DRM_KEY
<4>[    2.549692] return ret = 0
<3>[    2.563499] [jiwang:] line = 82 glass_set_cmd (GR00
<3>[    2.563499] )
<3>[    2.593030] [jiwang:] line = 82 glass_set_cmd (GR10
<3>[    2.593030] )
<3>[    2.602913] usb 1-1: device descriptor read/64, error -71
<3>[    2.751115] fts_ts 4-0038: fts_i2c_read: i2c read error.
<3>[    2.751130] fts_ts 4-0038: version read failed
<4>[    2.751142] ==singlethread error =
<4>[    2.751147] err_gpio_req
<4>[    2.751152] pwr_deinit
<4>[    2.751157] unregister_device
<4>[    2.751162] free input device
<4>[    2.751169] ------------[ cut here ]------------
<4>[    2.751184] WARNING: at drivers/base/devres.c:805 fts_ts_begin_probe.isra.8+0x720/0x810()
<4>[    2.751191] Modules linked in: mali_kbase drmboot(P)
<4>[    2.751206] CPU: 1 PID: 193 Comm: input_uart_thre Tainted: P             3.10.0 #88
<4>[    2.751229] [<c0013ec4>] (unwind_backtrace+0x0/0xe0) from [<c001176c>] (show_stack+0x10/0x14)
<4>[    2.751242] [<c001176c>] (show_stack+0x10/0x14) from [<c0034360>] (warn_slowpath_common+0x4c/0x68)
<4>[    2.751253] [<c0034360>] (warn_slowpath_common+0x4c/0x68) from [<c0034394>] (warn_slowpath_null+0x18/0x1c)
<4>[    2.751264] [<c0034394>] (warn_slowpath_null+0x18/0x1c) from [<c084bdd8>] (fts_ts_begin_probe.isra.8+0x720/0x810)
<4>[    2.751279] [<c084bdd8>] (fts_ts_begin_probe.isra.8+0x720/0x810) from [<c053c118>] (fts_ts_begin+0x34/0x4c)
<4>[    2.751293] [<c053c118>] (fts_ts_begin+0x34/0x4c) from [<c0324bf0>] (input_uart_recv_thread+0x54/0x398)
<4>[    2.751308] [<c0324bf0>] (input_uart_recv_thread+0x54/0x398) from [<c0053ab8>] (kthread+0xa0/0xac)
<4>[    2.751325] [<c0053ab8>] (kthread+0xa0/0xac) from [<c000da98>] (ret_from_fork+0x14/0x3c)
<4>[    2.751334] ---[ end trace a73cdde75020b9f2 ]---
<4>[    2.751341] free_input
<3>[    2.751347] ==yezg elan_ts==: royole_notifier is ok
<3>[    2.751396] GR10
<3>[    2.839051] usb 1-1: device descriptor read/64, error -71
<6>[    3.065361] usb 1-1: new high-speed USB device number 4 using rockchip_ehci_host
<3>[    3.108970] usb 1-1: device descriptor read/all, error -71
<6>[    3.130498] rk3288-lcdc lcdc0: blank mode:0
<3>[    3.130507] ==yezg leds==royole_leds_battery_screen_on 
<6>[    3.232643] usb 1-1: new high-speed USB device number 5 using rockchip_ehci_host
<3>[    3.277101] usb 1-1: device descriptor read/all, error -71
<3>[    3.281832] hub 1-0:1.0: unable to enumerate USB device on port 1
<12>[    3.319185] healthd: battery l=73 v=3964 t=24.6 h=2 st=3 c=436 chg=
<12>[    3.324204] healthd: battery l=73 v=3964 t=24.6 h=2 st=3 c=436 chg=
<6>[    3.552426] EHCI: rk_ehci_hcd_enable, enable host controller
<3>[    3.734463] ==yezg elan_ts==: delay_work_func, line:1776
<7>[    3.734486] of_get_named_gpio_flags exited with status 230
<3>[    3.734511] ==yezg elan_ts==: [elan] elan_gpio_init enter. 
<3>[    3.734533] [jiwang:] line = 82 glass_set_cmd (GR10
<3>[    3.734533] )
<3>[    3.754150] GR10
<3>[    3.754177] [jiwang:] line = 82 glass_set_cmd (GR00
<3>[    3.754177] )
<3>[    3.773817] [jiwang:] line = 82 glass_set_cmd (GR10
<3>[    3.773817] )
<3>[    3.813184] GR10
<6>[    4.060313] warning: `system_server' uses 32-bit capabilities (legacy support in use)
<4>[    4.866471] D1:camsys_mipiphy_clkin_cb(34): camsys_marvin mipi phy clk in turn on
<4>[    4.866484] D1:camsys_mipiphy_clkin_cb(34): camsys_marvin mipi phy clk in turn on
<4>[    4.866494] D1:camsys_open(750): camsys_marvin(ddf36110) is opened!
<6>[    4.866500] open process_name: mediaserver: pid(166)
<3>[    4.866505] [jiwang:] line = 197 rockchip_i2s_set_mode(1) 
<4>[    4.866587] D1:camsys_mrv_iomux_cb(90): marvin pinctrl select: default
<4>[    4.866604] D1:camsys_extdev_register(268): Extdev(dev_id: 0x1000000  dev_name: TC358749XBG) register success
<4>[    4.871899] D1:camsys_mrv_clkin_cb(350): camsys_marvin clock(f: 210000000 Hz) in turn on
<4>[    4.871907] D1:camsys_rk3288_cfg(267): Isp_SoftRst: 1
<4>[    4.872012] D1:camsys_rk3288_cfg(267): Isp_SoftRst: 0
<4>[    4.872039] D1:camsys_mrv_clkout_cb(392): camsys_marvin clock out(rate: 27000000Hz) turn on
<3>[    4.873095] E:camsys_sysctl_extdev(367): Sysctl 11 failed, because gpio is NULL!
<3>[    4.874146] E:camsys_sysctl_extdev(367): Sysctl 8 failed, because gpio is NULL!
<3>[    4.875197] E:camsys_sysctl_extdev(367): Sysctl 7 failed, because gpio is NULL!
<3>[    5.072700] rockchip_i2c ff150000.i2c: i2c is not in idle(state = 3)
<3>[    5.072718] E:camsys_i2c_write(78): i2c write dev(addr:0x1f) failed!
<3>[    5.151426] ==yezg elan_ts==: [elan] __hello_packet_handler: Int poll 55 55 55 55 failed!
<3>[    5.152351] ==yezg elan_ts==: [elan error] __hello_packet_handler recv error, retry
<3>[    5.152364] ==yezg elan_ts==: [elan] __hello_packet_handler: hello packet ff:ff:ff:ff
<3>[    5.171995] ==yezg elan_ts==: [elan error] elan_ts_setup, hello_packet_handler fail, rc = -1
<3>[    5.172006] ==yezg elan_ts==: [elan error]: royole_elan_ts_init No Elan chip inside, return now
<3>[    5.172013] ==yezg elan_ts==: royole_elan_ts_init, line:1750
<3>[    5.172024] ==yezg elan_ts==: royole_elan_ts_init, line:1758
<3>[    5.269496] rockchip_i2c ff150000.i2c: i2c is not in idle(state = 3)
<3>[    5.269515] E:camsys_i2c_write(78): i2c write dev(addr:0xf) failed!
<3>[    5.269600] E:camsys_sysctl_extdev(367): Sysctl 7 failed, because gpio is NULL!
<3>[    5.269609] E:camsys_sysctl_extdev(367): Sysctl 8 failed, because gpio is NULL!
<3>[    5.269616] E:camsys_sysctl_extdev(367): Sysctl 11 failed, because gpio is NULL!
<4>[    5.270709] D1:camsys_mrv_clkin_cb(374): camsys_marvin clock in turn off
<4>[    5.270742] D1:camsys_mrv_clkout_cb(404): camsys_marvin clock out turn off
<4>[    5.272792] D1:camsys_extdev_deregister(331): Extdev(dev_id: 0x1000000) is deregister success
<4>[    5.272811] D1:camsys_irq_disconnect(664): All thread disconnect camsys_marvin irq success!
<4>[    5.272821] D1:camsys_mipiphy_clkin_cb(36): camsys_marvin mipi phy clk in turn off
<4>[    5.272828] D1:camsys_mipiphy_clkin_cb(36): camsys_marvin mipi phy clk in turn off
<6>[    5.272837] snd_stop_hdmi_in_audio_route_l
<4>[    5.272843] D1:camsys_release(782): camsys_marvin(ddf36110) is closed
<6>[    5.272849] close process_name: mediaserver: pid(166)
<3>[    5.272856] [jiwang:] line = 197 rockchip_i2s_set_mode(0) 
<3>[    5.272862] [jiwang:] line = 127 glass_set_codec_volume (reset) 
<3>[    5.272868] [jiwang:] line = 82 glass_set_cmd (GW03
<3>[    5.272868] )
<38>[    5.274837] type=1400 audit(1358758226.990:8): avc: denied { execute } for pid=500 comm="mediaserver" name="sh" dev="mmcblk0p10" ino=251 scontext=u:r:mediaserver:s0 tcontext=u:object_r:shell_exec:s0 tclass=file permissive=1
<38>[    5.275025] type=1400 audit(1358758226.990:9): avc: denied { read open } for pid=500 comm="mediaserver" path="/system/bin/sh" dev="mmcblk0p10" ino=251 scontext=u:r:mediaserver:s0 tcontext=u:object_r:shell_exec:s0 tclass=file permissive=1
<38>[    5.275176] type=1400 audit(1358758226.990:10): avc: denied { execute_no_trans } for pid=500 comm="mediaserver" path="/system/bin/sh" dev="mmcblk0p10" ino=251 scontext=u:r:mediaserver:s0 tcontext=u:object_r:shell_exec:s0 tclass=file permissive=1
<38>[    5.277802] type=1400 audit(1358758226.990:11): avc: denied { getattr } for pid=500 comm="sh" path="/system/bin/toolbox" dev="mmcblk0p10" ino=264 scontext=u:r:mediaserver:s0 tcontext=u:object_r:toolbox_exec:s0 tclass=file permissive=1
<38>[    5.277916] type=1400 audit(1358758226.990:12): avc: denied { execute } for pid=500 comm="sh" name="toolbox" dev="mmcblk0p10" ino=264 scontext=u:r:mediaserver:s0 tcontext=u:object_r:toolbox_exec:s0 tclass=file permissive=1
<38>[    5.278045] type=1400 audit(1358758226.990:13): avc: denied { read open } for pid=500 comm="sh" path="/system/bin/toolbox" dev="mmcblk0p10" ino=264 scontext=u:r:mediaserver:s0 tcontext=u:object_r:toolbox_exec:s0 tclass=file permissive=1
<38>[    5.278143] type=1400 audit(1358758226.990:14): avc: denied { execute_no_trans } for pid=500 comm="sh" path="/system/bin/toolbox" dev="mmcblk0p10" ino=264 scontext=u:r:mediaserver:s0 tcontext=u:object_r:toolbox_exec:s0 tclass=file permissive=1
<3>[    5.289251] GW03
<38>[    5.481920] type=1400 audit(1358758227.200:15): avc: denied { write } for pid=509 comm="Binder_1" name="displayd" dev="tmpfs" ino=2342 scontext=u:r:mediaserver:s0 tcontext=u:object_r:socket_device:s0 tclass=sock_file permissive=1
<12>[    5.595740] healthd: battery l=73 v=3947 t=24.8 h=2 st=3 c=615 chg=
<38>[    6.030445] type=1400 audit(1358758227.760:16): avc: denied { write } for pid=522 comm="Binder_1" name="/" dev="mmcblk0p13" ino=2 scontext=u:r:mediaserver:s0 tcontext=u:object_r:system_data_file:s0 tclass=dir permissive=1
<38>[    6.030738] type=1400 audit(1358758227.760:17): avc: denied { remove_name } for pid=522 comm="Binder_1" name="vpumem_observer" dev="mmcblk0p13" ino=14 scontext=u:r:mediaserver:s0 tcontext=u:object_r:system_data_file:s0 tclass=dir permissive=1
<38>[    6.030936] type=1400 audit(1358758227.760:18): avc: denied { unlink } for pid=522 comm="Binder_1" name="vpumem_observer" dev="mmcblk0p13" ino=14 scontext=u:r:mediaserver:s0 tcontext=u:object_r:system_data_file:s0 tclass=sock_file permissive=1
<38>[    6.032670] type=1400 audit(1358758227.760:19): avc: denied { add_name } for pid=522 comm="Binder_1" name="vpumem_observer" scontext=u:r:mediaserver:s0 tcontext=u:object_r:system_data_file:s0 tclass=dir permissive=1
<38>[    6.032801] type=1400 audit(1358758227.760:20): avc: denied { create } for pid=522 comm="Binder_1" name="vpumem_observer" scontext=u:r:mediaserver:s0 tcontext=u:object_r:system_data_file:s0 tclass=sock_file permissive=1
<12>[    7.663981] healthd: battery l=73 v=3920 t=24.8 h=2 st=3 c=1133 chg=
<6>[    7.826319] vibrator_enable--current(system_server,pid(460),tgid(460)) value(0)
<6>[    7.826364] vibrator_off  vibdata.io_enable.active(0)
<3>[    7.854234] [jiwang:] line = 551 open process_name: system_server: pid(460)
<38>[    7.854294] type=1400 audit(1358758229.610:21): avc: denied { read } for pid=460 comm="system_server" name="inputuart" dev="tmpfs" ino=8558 scontext=u:r:system_server:s0 tcontext=u:object_r:device:s0 tclass=chr_file permissive=1
<3>[    7.854347] [jiwang:] line = 82 glass_set_cmd (GF11
<3>[    7.854347] )
<38>[    7.854448] type=1400 audit(1358758229.610:22): avc: denied { open } for pid=460 comm="system_server" path="/dev/inputuart" dev="tmpfs" ino=8558 scontext=u:r:system_server:s0 tcontext=u:object_r:device:s0 tclass=chr_file permissive=1
<38>[    7.854539] type=1400 audit(1358758229.610:23): avc: denied { ioctl } for pid=460 comm="system_server" path="/dev/inputuart" dev="tmpfs" ino=8558 ioctlcmd=650d scontext=u:r:system_server:s0 tcontext=u:object_r:device:s0 tclass=chr_file permissive=1
<3>[    7.886994] GF11
<6>[    8.022257] lowmemorykiller: lowmem_shrink: convert oom_adj to oom_score_adj:
<6>[    8.022290] lowmemorykiller: oom_adj 0 => oom_score_adj 0
<6>[    8.022297] lowmemorykiller: oom_adj 1 => oom_score_adj 58
<6>[    8.022302] lowmemorykiller: oom_adj 2 => oom_score_adj 117
<6>[    8.022308] lowmemorykiller: oom_adj 3 => oom_score_adj 176
<6>[    8.022313] lowmemorykiller: oom_adj 9 => oom_score_adj 529
<6>[    8.022318] lowmemorykiller: oom_adj 15 => oom_score_adj 1000
<6>[    8.760359] acc_open
<6>[    8.760422] acc_release
<6>[    8.979171] vibrator_enable--current(system_server,pid(460),tgid(460)) value(0)
<6>[    8.979217] vibrator_off  vibdata.io_enable.active(0)
<6>[    8.984394] vibrator_enable--current(Thread-69,pid(558),tgid(460)) value(1)
<6>[    8.984428] vibrator_on vibdata.io_enable.active(0)
<6>[    8.984435] value(51)
<6>[    8.987958] vibrator_enable--current(system_server,pid(460),tgid(460)) value(0)
<6>[    8.987985] vibrator_off  vibdata.io_enable.active(0)
<4>[    9.056048] phy_power_on: enable = 1 
<4>[    9.095477] Read the Ethernet MAC address from IDB:00:00:00:00:00:00
<4>[    9.095537] eth0: device MAC address fa:18:9d:ea:a8:fe
<6>[    9.126116] libphy: stmmac: probed
<6>[    9.126144] eth0: PHY ID 00000000 at 0 IRQ 0 (stmmac-0:00) active
<6>[    9.126153] eth0: PHY ID 00000000 at 1 IRQ 0 (stmmac-0:01) active
<6>[    9.126161] eth0: PHY ID 00000000 at 2 IRQ 0 (stmmac-0:02)
<6>[    9.126168] eth0: PHY ID 00000000 at 3 IRQ 0 (stmmac-0:03)
<6>[    9.126175] eth0: PHY ID 00000000 at 4 IRQ 0 (stmmac-0:04)
<6>[    9.126182] eth0: PHY ID 00000000 at 5 IRQ 0 (stmmac-0:05)
<6>[    9.126189] eth0: PHY ID 00000000 at 6 IRQ 0 (stmmac-0:06)
<6>[    9.126195] eth0: PHY ID 00000000 at 7 IRQ 0 (stmmac-0:07)
<6>[    9.126203] eth0: PHY ID 00000000 at 8 IRQ 0 (stmmac-0:08)
<6>[    9.126210] eth0: PHY ID 00000000 at 9 IRQ 0 (stmmac-0:09)
<6>[    9.126218] eth0: PHY ID 00000000 at 10 IRQ 0 (stmmac-0:0a)
<6>[    9.126224] eth0: PHY ID 00000000 at 11 IRQ 0 (stmmac-0:0b)
<6>[    9.126231] eth0: PHY ID 00000000 at 12 IRQ 0 (stmmac-0:0c)
<6>[    9.126237] eth0: PHY ID 00000000 at 13 IRQ 0 (stmmac-0:0d)
<6>[    9.126244] eth0: PHY ID 00000000 at 14 IRQ 0 (stmmac-0:0e)
<6>[    9.126251] eth0: PHY ID 00000000 at 15 IRQ 0 (stmmac-0:0f)
<6>[    9.126259] eth0: PHY ID 00000000 at 16 IRQ 0 (stmmac-0:10)
<6>[    9.126266] eth0: PHY ID 00000000 at 17 IRQ 0 (stmmac-0:11)
<6>[    9.126273] eth0: PHY ID 00000000 at 18 IRQ 0 (stmmac-0:12)
<6>[    9.126279] eth0: PHY ID 00000000 at 19 IRQ 0 (stmmac-0:13)
<6>[    9.126286] eth0: PHY ID 00000000 at 20 IRQ 0 (stmmac-0:14)
<6>[    9.126292] eth0: PHY ID 00000000 at 21 IRQ 0 (stmmac-0:15)
<6>[    9.126299] eth0: PHY ID 00000000 at 22 IRQ 0 (stmmac-0:16)
<6>[    9.126306] eth0: PHY ID 00000000 at 23 IRQ 0 (stmmac-0:17)
<6>[    9.126312] eth0: PHY ID 00000000 at 24 IRQ 0 (stmmac-0:18)
<6>[    9.126318] eth0: PHY ID 00000000 at 25 IRQ 0 (stmmac-0:19)
<6>[    9.126325] eth0: PHY ID 00000000 at 26 IRQ 0 (stmmac-0:1a)
<6>[    9.126331] eth0: PHY ID 00000000 at 27 IRQ 0 (stmmac-0:1b)
<6>[    9.126338] eth0: PHY ID 00000000 at 28 IRQ 0 (stmmac-0:1c)
<6>[    9.126344] eth0: PHY ID 00000000 at 29 IRQ 0 (stmmac-0:1d)
<6>[    9.126350] eth0: PHY ID 00000000 at 30 IRQ 0 (stmmac-0:1e)
<6>[    9.126356] eth0: PHY ID 00000000 at 31 IRQ 0 (stmmac-0:1f)
<3>[    9.126452] stmmac_open: Cannot attach to PHY (error: -19)
<4>[    9.437124] dwc_otg_hcd_resume, usb device mode
<4>[    9.441866] dwc_otg_hcd_suspend, usb device mode
<6>[    9.461412] [otg id chg] last id -1 current id 1
<4>[    9.461449] PortPower off
<3>[    9.461456] usb20otg_power_enable 0
<3>[    9.461463] ==yezg charger==: bq25890_set_otg, set_otg:0
<4>[    9.461686] rk_battery_charger_detect_cb , battery_charger_detect 6
<12>[    9.541794] healthd: battery l=73 v=3916 t=25.0 h=2 st=3 c=1046 chg=
<6>[    9.559790] usb 1-1: new high-speed USB device number 6 using rockchip_ehci_host
<4>[    9.572130] Using Buffer DMA mode
<4>[    9.572152] Periodic Transfer Interrupt Enhancement - disabled
<4>[    9.572158] Multiprocessor Interrupt Enhancement - disabled
<4>[    9.572165] OTG VER PARAM: 0, OTG VER FLAG: 0
<4>[    9.572170] ^^^^^^^^^^^^^^^^^Device Mode
<3>[    9.687747] usb 1-1: device descriptor read/64, error -71
<3>[    9.923849] usb 1-1: device descriptor read/64, error -71
<4>[   10.061866] rk_battery_charger_detect_cb , battery_charger_detect 0
<6>[   10.150169] usb 1-1: new high-speed USB device number 7 using rockchip_ehci_host
<3>[   10.278100] usb 1-1: device descriptor read/64, error -71
<3>[   10.520713] usb 1-1: device descriptor read/64, error -71
<6>[   10.740594] usb 1-1: new high-speed USB device number 8 using rockchip_ehci_host
<3>[   10.783876] usb 1-1: device descriptor read/all, error -71
<6>[   10.843591] vibrator_enable--current(system_server,pid(460),tgid(460)) value(0)
<6>[   10.843632] vibrator_off  vibdata.io_enable.active(0)
<6>[   10.898119] usb 1-1: new high-speed USB device number 9 using rockchip_ehci_host
<3>[   10.942280] usb 1-1: device descriptor read/all, error -71
<3>[   10.947221] hub 1-0:1.0: unable to enumerate USB device on port 1
<4>[   12.340921] D1:camsys_mipiphy_clkin_cb(34): camsys_marvin mipi phy clk in turn on
<4>[   12.340974] D1:camsys_mipiphy_clkin_cb(34): camsys_marvin mipi phy clk in turn on
<4>[   12.340994] D1:camsys_open(750): camsys_marvin(ddf36110) is opened!
<6>[   12.341002] open process_name: Binder_2: pid(506)
<3>[   12.341011] [jiwang:] line = 197 rockchip_i2s_set_mode(1) 
<4>[   12.341142] D1:camsys_mrv_iomux_cb(90): marvin pinctrl select: default
<4>[   12.341167] D1:camsys_extdev_register(268): Extdev(dev_id: 0x1000000  dev_name: TC358749XBG) register success
<4>[   12.346688] D1:camsys_mrv_clkin_cb(350): camsys_marvin clock(f: 210000000 Hz) in turn on
<4>[   12.346705] D1:camsys_rk3288_cfg(267): Isp_SoftRst: 1
<4>[   12.346810] D1:camsys_rk3288_cfg(267): Isp_SoftRst: 0
<4>[   12.346849] D1:camsys_mrv_clkout_cb(392): camsys_marvin clock out(rate: 27000000Hz) turn on
<3>[   12.347972] E:camsys_sysctl_extdev(367): Sysctl 11 failed, because gpio is NULL!
<3>[   12.349074] E:camsys_sysctl_extdev(367): Sysctl 8 failed, because gpio is NULL!
<3>[   12.350176] E:camsys_sysctl_extdev(367): Sysctl 7 failed, because gpio is NULL!
<3>[   12.541287] rockchip_i2c ff150000.i2c: i2c is not in idle(state = 3)
<3>[   12.541321] E:camsys_i2c_write(78): i2c write dev(addr:0x1f) failed!
<3>[   12.738086] rockchip_i2c ff150000.i2c: i2c is not in idle(state = 3)
<3>[   12.738114] E:camsys_i2c_write(78): i2c write dev(addr:0xf) failed!
<3>[   12.738207] E:camsys_sysctl_extdev(367): Sysctl 7 failed, because gpio is NULL!
<3>[   12.738217] E:camsys_sysctl_extdev(367): Sysctl 8 failed, because gpio is NULL!
<3>[   12.738224] E:camsys_sysctl_extdev(367): Sysctl 11 failed, because gpio is NULL!
<4>[   12.739329] D1:camsys_mrv_clkin_cb(374): camsys_marvin clock in turn off
<4>[   12.739367] D1:camsys_mrv_clkout_cb(404): camsys_marvin clock out turn off
<4>[   12.741443] D1:camsys_extdev_deregister(331): Extdev(dev_id: 0x1000000) is deregister success
<4>[   12.741473] D1:camsys_irq_disconnect(664): All thread disconnect camsys_marvin irq success!
<4>[   12.741490] D1:camsys_mipiphy_clkin_cb(36): camsys_marvin mipi phy clk in turn off
<4>[   12.741497] D1:camsys_mipiphy_clkin_cb(36): camsys_marvin mipi phy clk in turn off
<6>[   12.741506] snd_stop_hdmi_in_audio_route_l
<4>[   12.741514] D1:camsys_release(782): camsys_marvin(ddf36110) is closed
<6>[   12.741520] close process_name: Binder_2: pid(506)
<3>[   12.741526] [jiwang:] line = 197 rockchip_i2s_set_mode(0) 
<3>[   12.741533] [jiwang:] line = 127 glass_set_codec_volume (reset) 
<3>[   12.741540] [jiwang:] line = 82 glass_set_cmd (GW03
<3>[   12.741540] )
<4>[   12.748977] D1:camsys_mipiphy_clkin_cb(34): camsys_marvin mipi phy clk in turn on
<4>[   12.748993] D1:camsys_mipiphy_clkin_cb(34): camsys_marvin mipi phy clk in turn on
<4>[   12.749007] D1:camsys_open(750): camsys_marvin(ddf36110) is opened!
<6>[   12.749015] open process_name: Binder_3: pid(517)
<3>[   12.749021] [jiwang:] line = 197 rockchip_i2s_set_mode(1) 
<4>[   12.749120] D1:camsys_mrv_iomux_cb(90): marvin pinctrl select: default
<4>[   12.749141] D1:camsys_extdev_register(268): Extdev(dev_id: 0x1000000  dev_name: TC358749XBG) register success
<4>[   12.754515] D1:camsys_mrv_clkin_cb(350): camsys_marvin clock(f: 210000000 Hz) in turn on
<4>[   12.754531] D1:camsys_rk3288_cfg(267): Isp_SoftRst: 1
<4>[   12.754638] D1:camsys_rk3288_cfg(267): Isp_SoftRst: 0
<4>[   12.754682] D1:camsys_mrv_clkout_cb(392): camsys_marvin clock out(rate: 27000000Hz) turn on
<3>[   12.755751] E:camsys_sysctl_extdev(367): Sysctl 11 failed, because gpio is NULL!
<3>[   12.756821] E:camsys_sysctl_extdev(367): Sysctl 8 failed, because gpio is NULL!
<3>[   12.757890] E:camsys_sysctl_extdev(367): Sysctl 7 failed, because gpio is NULL!
<3>[   12.797127] GW03
<3>[   12.954553] rockchip_i2c ff150000.i2c: i2c is not in idle(state = 3)
<3>[   12.954578] E:camsys_i2c_write(78): i2c write dev(addr:0x1f) failed!
<3>[   13.151337] rockchip_i2c ff150000.i2c: i2c is not in idle(state = 3)
<3>[   13.151368] E:camsys_i2c_write(78): i2c write dev(addr:0xf) failed!
<3>[   13.151467] E:camsys_sysctl_extdev(367): Sysctl 7 failed, because gpio is NULL!
<3>[   13.151478] E:camsys_sysctl_extdev(367): Sysctl 8 failed, because gpio is NULL!
<3>[   13.151485] E:camsys_sysctl_extdev(367): Sysctl 11 failed, because gpio is NULL!
<4>[   13.152588] D1:camsys_mrv_clkin_cb(374): camsys_marvin clock in turn off
<4>[   13.152631] D1:camsys_mrv_clkout_cb(404): camsys_marvin clock out turn off
<4>[   13.154688] D1:camsys_extdev_deregister(331): Extdev(dev_id: 0x1000000) is deregister success
<4>[   13.154710] D1:camsys_irq_disconnect(664): All thread disconnect camsys_marvin irq success!
<4>[   13.154721] D1:camsys_mipiphy_clkin_cb(36): camsys_marvin mipi phy clk in turn off
<4>[   13.154729] D1:camsys_mipiphy_clkin_cb(36): camsys_marvin mipi phy clk in turn off
<6>[   13.154736] snd_stop_hdmi_in_audio_route_l
<4>[   13.154744] D1:camsys_release(782): camsys_marvin(ddf36110) is closed
<6>[   13.154750] close process_name: Binder_3: pid(517)
<3>[   13.154755] [jiwang:] line = 197 rockchip_i2s_set_mode(0) 
<3>[   13.154761] [jiwang:] line = 127 glass_set_codec_volume (reset) 
<3>[   13.154768] [jiwang:] line = 82 glass_set_cmd (GW03
<3>[   13.154768] )
<3>[   13.210515] GW03
<12>[   13.493506] healthd: battery l=73 v=3923 t=25.3 h=2 st=3 c=808 chg=
<38>[   13.576252] type=1400 audit(1358758235.430:24): avc: denied { write } for pid=509 comm="Binder_1" name="displayd" dev="tmpfs" ino=2342 scontext=u:r:mediaserver:s0 tcontext=u:object_r:socket_device:s0 tclass=sock_file permissive=1
<12>[   17.434554] healthd: battery l=73 v=3962 t=25.4 h=2 st=3 c=266 chg=
<12>[   21.380580] healthd: battery l=73 v=3962 t=25.3 h=2 st=3 c=271 chg=
<12>[   25.326077] healthd: battery l=73 v=3962 t=25.3 h=2 st=3 c=264 chg=
<12>[   29.271794] healthd: battery l=73 v=3962 t=25.3 h=2 st=3 c=266 chg=
<12>[   33.217642] healthd: battery l=73 v=3963 t=25.3 h=2 st=3 c=263 chg=
<12>[   37.163534] healthd: battery l=73 v=3963 t=25.3 h=2 st=3 c=263 chg=
<12>[   41.109256] healthd: battery l=73 v=3963 t=25.3 h=2 st=3 c=263 chg=
<12>[   45.055496] healthd: battery l=73 v=3963 t=25.3 h=2 st=3 c=263 chg=
<12>[   49.001791] healthd: battery l=73 v=3963 t=25.3 h=2 st=3 c=263 chg=
<12>[   52.946993] healthd: battery l=73 v=3963 t=25.3 h=2 st=3 c=263 chg=
<12>[   56.892807] healthd: battery l=73 v=3963 t=25.3 h=2 st=3 c=263 chg=
<12>[   60.838648] healthd: battery l=73 v=3963 t=25.3 h=2 st=3 c=264 chg=
<12>[   64.784411] healthd: battery l=73 v=3963 t=25.3 h=2 st=3 c=263 chg=
<12>[   68.730215] healthd: battery l=73 v=3962 t=25.4 h=2 st=3 c=263 chg=
<12>[   72.676041] healthd: battery l=73 v=3962 t=25.4 h=2 st=3 c=263 chg=
<12>[   76.621870] healthd: battery l=73 v=3962 t=25.4 h=2 st=3 c=263 chg=
<12>[   80.567927] healthd: battery l=73 v=3963 t=25.5 h=2 st=3 c=263 chg=
<12>[   84.513787] healthd: battery l=73 v=3963 t=25.5 h=2 st=3 c=263 chg=
<12>[   88.459621] healthd: battery l=73 v=3963 t=25.5 h=2 st=3 c=264 chg=
<12>[   92.405465] healthd: battery l=73 v=3962 t=25.5 h=2 st=3 c=263 chg=
<12>[   96.351084] healthd: battery l=73 v=3962 t=25.6 h=2 st=3 c=263 chg=
<12>[  100.296881] healthd: battery l=73 v=3962 t=25.6 h=2 st=3 c=263 chg=
<12>[  104.242835] healthd: battery l=73 v=3962 t=25.6 h=2 st=3 c=263 chg=
<12>[  108.188538] healthd: battery l=73 v=3962 t=25.6 h=2 st=3 c=263 chg=
<12>[  112.134585] healthd: battery l=73 v=3962 t=25.7 h=2 st=3 c=263 chg=
<12>[  116.080617] healthd: battery l=73 v=3962 t=25.7 h=2 st=3 c=263 chg=
<12>[  120.026378] healthd: battery l=73 v=3961 t=25.7 h=2 st=3 c=263 chg=
<12>[  123.972502] healthd: battery l=73 v=3962 t=25.8 h=2 st=3 c=263 chg=
<12>[  127.920265] healthd: battery l=73 v=3962 t=25.8 h=2 st=3 c=263 chg=
<12>[  131.864142] healthd: battery l=73 v=3962 t=25.8 h=2 st=3 c=263 chg=
<12>[  135.809431] healthd: battery l=73 v=3961 t=25.8 h=2 st=3 c=263 chg=
<12>[  139.755242] healthd: battery l=73 v=3962 t=25.9 h=2 st=3 c=263 chg=
<12>[  143.701164] healthd: battery l=73 v=3962 t=25.9 h=2 st=3 c=263 chg=
<12>[  147.646967] healthd: battery l=73 v=3962 t=25.9 h=2 st=3 c=263 chg=
<12>[  151.592791] healthd: battery l=73 v=3962 t=25.9 h=2 st=3 c=264 chg=
<12>[  155.539169] healthd: battery l=73 v=3962 t=26.0 h=2 st=3 c=264 chg=
<12>[  159.484882] healthd: battery l=73 v=3961 t=26.0 h=2 st=3 c=263 chg=
<12>[  163.430711] healthd: battery l=73 v=3962 t=26.0 h=2 st=3 c=263 chg=
<12>[  167.376167] healthd: battery l=73 v=3961 t=26.1 h=2 st=3 c=264 chg=
<12>[  171.322586] healthd: battery l=73 v=3962 t=26.1 h=2 st=3 c=264 chg=
<12>[  175.268113] healthd: battery l=73 v=3962 t=26.1 h=2 st=3 c=264 chg=
<12>[  179.213765] healthd: battery l=73 v=3962 t=26.1 h=2 st=3 c=263 chg=
<12>[  183.159463] healthd: battery l=73 v=3961 t=26.2 h=2 st=3 c=264 chg=
<12>[  187.105308] healthd: battery l=73 v=3961 t=26.2 h=2 st=3 c=264 chg=
<12>[  191.051284] healthd: battery l=73 v=3961 t=26.2 h=2 st=3 c=263 chg=
<12>[  194.997278] healthd: battery l=73 v=3961 t=26.2 h=2 st=3 c=263 chg=
<12>[  198.943028] healthd: battery l=73 v=3961 t=26.3 h=2 st=3 c=263 chg=
<12>[  202.888988] healthd: battery l=73 v=3961 t=26.3 h=2 st=3 c=264 chg=
<12>[  206.834795] healthd: battery l=73 v=3961 t=26.3 h=2 st=3 c=263 chg=
<12>[  210.780595] healthd: battery l=73 v=3961 t=26.3 h=2 st=3 c=263 chg=
<12>[  214.726296] healthd: battery l=73 v=3961 t=26.3 h=2 st=3 c=264 chg=
<12>[  218.672053] healthd: battery l=73 v=3961 t=26.4 h=2 st=3 c=264 chg=
<12>[  222.617897] healthd: battery l=73 v=3961 t=26.4 h=2 st=3 c=264 chg=
<12>[  226.563757] healthd: battery l=73 v=3961 t=26.4 h=2 st=3 c=263 chg=
<12>[  230.509669] healthd: battery l=73 v=3961 t=26.4 h=2 st=3 c=264 chg=
<12>[  234.455822] healthd: battery l=73 v=3961 t=26.5 h=2 st=3 c=264 chg=
<12>[  238.401689] healthd: battery l=73 v=3961 t=26.5 h=2 st=3 c=264 chg=
<12>[  242.347307] healthd: battery l=73 v=3961 t=26.5 h=2 st=3 c=264 chg=
<12>[  246.292916] healthd: battery l=73 v=3961 t=26.5 h=2 st=3 c=264 chg=
<12>[  250.238909] healthd: battery l=73 v=3961 t=26.6 h=2 st=3 c=264 chg=
<12>[  254.184984] healthd: battery l=73 v=3961 t=26.6 h=2 st=3 c=264 chg=
<12>[  258.130348] healthd: battery l=73 v=3961 t=26.6 h=2 st=3 c=264 chg=
<12>[  262.076413] healthd: battery l=73 v=3961 t=26.6 h=2 st=3 c=264 chg=
<12>[  266.022071] healthd: battery l=73 v=3961 t=26.6 h=2 st=3 c=264 chg=
<12>[  269.968211] healthd: battery l=73 v=3961 t=26.7 h=2 st=3 c=264 chg=
<12>[  273.915791] healthd: battery l=73 v=3961 t=26.7 h=2 st=3 c=264 chg=
<6>[  275.701027] rk3288-lcdc lcdc0: win0:new_addr:0x1205a000 cur_addr:0x1186f000--1
<12>[  277.859906] healthd: battery l=73 v=3961 t=26.7 h=2 st=3 c=264 chg=
<12>[  281.805983] healthd: battery l=73 v=3961 t=26.7 h=2 st=3 c=264 chg=
<12>[  285.751388] healthd: battery l=73 v=3960 t=26.7 h=2 st=3 c=264 chg=
<12>[  289.697333] healthd: battery l=73 v=3961 t=26.8 h=2 st=3 c=264 chg=
<12>[  293.643207] healthd: battery l=73 v=3961 t=26.8 h=2 st=3 c=264 chg=
<12>[  297.589402] healthd: battery l=73 v=3961 t=26.8 h=2 st=3 c=264 chg=
<12>[  301.534820] healthd: battery l=73 v=3961 t=26.8 h=2 st=3 c=264 chg=
<12>[  305.480659] healthd: battery l=73 v=3961 t=26.8 h=2 st=3 c=264 chg=
<12>[  309.426663] healthd: battery l=73 v=3961 t=26.9 h=2 st=3 c=264 chg=
<12>[  313.372414] healthd: battery l=73 v=3960 t=26.9 h=2 st=3 c=264 chg=
<12>[  317.318533] healthd: battery l=73 v=3960 t=26.9 h=2 st=3 c=264 chg=
<12>[  321.264251] healthd: battery l=73 v=3960 t=26.9 h=2 st=3 c=264 chg=
<12>[  325.211569] healthd: battery l=73 v=3961 t=27.0 h=2 st=3 c=264 chg=
<12>[  329.155780] healthd: battery l=73 v=3961 t=27.0 h=2 st=3 c=264 chg=
<12>[  333.101537] healthd: battery l=73 v=3961 t=27.0 h=2 st=3 c=265 chg=
<12>[  337.047429] healthd: battery l=73 v=3961 t=27.0 h=2 st=3 c=264 chg=
<12>[  340.993059] healthd: battery l=73 v=3961 t=27.0 h=2 st=3 c=264 chg=
<12>[  344.939026] healthd: battery l=73 v=3960 t=27.0 h=2 st=3 c=264 chg=
<12>[  348.884916] healthd: battery l=73 v=3960 t=27.1 h=2 st=3 c=264 chg=
<12>[  352.830825] healthd: battery l=73 v=3960 t=27.1 h=2 st=3 c=264 chg=
<12>[  356.776900] healthd: battery l=73 v=3961 t=27.1 h=2 st=3 c=264 chg=
<12>[  360.722556] healthd: battery l=73 v=3961 t=27.1 h=2 st=3 c=265 chg=
<12>[  364.668791] healthd: battery l=73 v=3961 t=27.1 h=2 st=3 c=264 chg=
<12>[  368.614606] healthd: battery l=73 v=3961 t=27.2 h=2 st=3 c=264 chg=
<12>[  372.560122] healthd: battery l=73 v=3961 t=27.2 h=2 st=3 c=265 chg=
<12>[  376.505678] healthd: battery l=73 v=3960 t=27.2 h=2 st=3 c=264 chg=
<12>[  380.451677] healthd: battery l=73 v=3960 t=27.2 h=2 st=3 c=264 chg=
<12>[  384.397545] healthd: battery l=73 v=3960 t=27.2 h=2 st=3 c=264 chg=
<12>[  388.343278] healthd: battery l=73 v=3960 t=27.3 h=2 st=3 c=264 chg=
<12>[  392.289177] healthd: battery l=73 v=3960 t=27.3 h=2 st=3 c=264 chg=
<12>[  396.235169] healthd: battery l=73 v=3960 t=27.3 h=2 st=3 c=264 chg=
<12>[  400.181104] healthd: battery l=73 v=3961 t=27.3 h=2 st=3 c=264 chg=
<12>[  404.126528] healthd: battery l=73 v=3961 t=27.3 h=2 st=3 c=265 chg=
<12>[  408.072974] healthd: battery l=73 v=3960 t=27.3 h=2 st=3 c=265 chg=
<12>[  412.018564] healthd: battery l=73 v=3960 t=27.3 h=2 st=3 c=264 chg=
<12>[  415.964086] healthd: battery l=73 v=3960 t=27.4 h=2 st=3 c=264 chg=
<12>[  419.909997] healthd: battery l=73 v=3960 t=27.4 h=2 st=3 c=264 chg=
<12>[  423.855684] healthd: battery l=73 v=3960 t=27.4 h=2 st=3 c=265 chg=
<12>[  427.801675] healthd: battery l=73 v=3960 t=27.4 h=2 st=3 c=265 chg=
<12>[  431.747463] healthd: battery l=73 v=3961 t=27.4 h=2 st=3 c=265 chg=
<12>[  435.693622] healthd: battery l=73 v=3961 t=27.5 h=2 st=3 c=265 chg=
<12>[  439.639452] healthd: battery l=73 v=3961 t=27.5 h=2 st=3 c=265 chg=
<12>[  443.585090] healthd: battery l=73 v=3960 t=27.5 h=2 st=3 c=265 chg=
<12>[  447.530736] healthd: battery l=73 v=3960 t=27.5 h=2 st=3 c=265 chg=
<12>[  451.476609] healthd: battery l=73 v=3960 t=27.5 h=2 st=3 c=264 chg=
<12>[  455.422710] healthd: battery l=73 v=3960 t=27.5 h=2 st=3 c=265 chg=
<12>[  459.368332] healthd: battery l=72 v=3960 t=27.5 h=2 st=3 c=264 chg=
<12>[  463.314118] healthd: battery l=72 v=3960 t=27.6 h=2 st=3 c=265 chg=
<12>[  467.259947] healthd: battery l=72 v=3960 t=27.6 h=2 st=3 c=265 chg=
<12>[  471.206290] healthd: battery l=72 v=3960 t=27.6 h=2 st=3 c=265 chg=
<12>[  475.152290] healthd: battery l=72 v=3960 t=27.6 h=2 st=3 c=265 chg=
<12>[  479.097679] healthd: battery l=72 v=3960 t=27.6 h=2 st=3 c=264 chg=
<12>[  483.043587] healthd: battery l=72 v=3960 t=27.6 h=2 st=3 c=265 chg=
<12>[  486.989226] healthd: battery l=72 v=3960 t=27.7 h=2 st=3 c=265 chg=
<12>[  490.935085] healthd: battery l=72 v=3960 t=27.7 h=2 st=3 c=265 chg=
<12>[  494.880871] healthd: battery l=72 v=3960 t=27.7 h=2 st=3 c=265 chg=
<12>[  498.826676] healthd: battery l=72 v=3960 t=27.7 h=2 st=3 c=265 chg=
<12>[  502.772536] healthd: battery l=72 v=3960 t=27.7 h=2 st=3 c=264 chg=
<12>[  506.718385] healthd: battery l=72 v=3960 t=27.7 h=2 st=3 c=265 chg=
<12>[  510.664246] healthd: battery l=72 v=3960 t=27.8 h=2 st=3 c=265 chg=
<12>[  514.610371] healthd: battery l=72 v=3960 t=27.8 h=2 st=3 c=265 chg=
<12>[  518.556074] healthd: battery l=72 v=3960 t=27.8 h=2 st=3 c=265 chg=
<12>[  522.501907] healthd: battery l=72 v=3960 t=27.8 h=2 st=3 c=265 chg=
<12>[  526.448220] healthd: battery l=72 v=3961 t=27.8 h=2 st=3 c=265 chg=
<12>[  530.393423] healthd: battery l=72 v=3960 t=27.8 h=2 st=3 c=265 chg=
<12>[  534.339247] healthd: battery l=72 v=3960 t=27.8 h=2 st=3 c=265 chg=
<12>[  538.285156] healthd: battery l=72 v=3961 t=27.9 h=2 st=3 c=265 chg=
<12>[  542.230899] healthd: battery l=72 v=3960 t=27.9 h=2 st=3 c=265 chg=
<12>[  546.176834] healthd: battery l=72 v=3960 t=27.9 h=2 st=3 c=265 chg=
<12>[  550.122828] healthd: battery l=72 v=3960 t=27.9 h=2 st=3 c=265 chg=
<12>[  554.069084] healthd: battery l=72 v=3960 t=27.9 h=2 st=3 c=265 chg=
<12>[  558.014555] healthd: battery l=72 v=3960 t=27.9 h=2 st=3 c=265 chg=
<12>[  561.960130] healthd: battery l=72 v=3960 t=27.9 h=2 st=3 c=265 chg=
<12>[  565.906499] healthd: battery l=72 v=3960 t=28.0 h=2 st=3 c=265 chg=
<12>[  569.851883] healthd: battery l=72 v=3960 t=28.0 h=2 st=3 c=265 chg=
<12>[  573.797763] healthd: battery l=72 v=3960 t=28.0 h=2 st=3 c=265 chg=
<12>[  577.743484] healthd: battery l=72 v=3960 t=28.0 h=2 st=3 c=265 chg=
<12>[  581.689336] healthd: battery l=72 v=3960 t=28.0 h=2 st=3 c=265 chg=
<12>[  585.635201] healthd: battery l=72 v=3960 t=28.0 h=2 st=3 c=265 chg=
<12>[  589.581035] healthd: battery l=72 v=3960 t=28.0 h=2 st=3 c=265 chg=
<12>[  593.527187] healthd: battery l=72 v=3960 t=28.1 h=2 st=3 c=265 chg=
<12>[  593.725525] healthd: battery l=72 v=3960 t=28.0 h=2 st=3 c=265 chg=
<12>[  597.472921] healthd: battery l=72 v=3960 t=28.1 h=2 st=3 c=265 chg=
<12>[  601.418908] healthd: battery l=72 v=3960 t=28.1 h=2 st=3 c=265 chg=
<12>[  605.364562] healthd: battery l=72 v=3960 t=28.1 h=2 st=3 c=265 chg=
<12>[  609.310264] healthd: battery l=72 v=3960 t=28.1 h=2 st=3 c=265 chg=
